Component: ARM Compiler 5.06 update 6 (build 750) Tool: armlink [4d35ed]

==============================================================================

Section Cross References

    main.o(i.Core_control) refers to rtx_msgqueue.o(.text.osMessageQueueGet) for osMessageQueueGet
    main.o(i.Core_control) refers to mymotor.o(i.changeSpeedTank) for changeSpeedTank
    main.o(i.Core_control) refers to mymotor.o(i.changeSpeed) for changeSpeed
    main.o(i.Core_control) refers to mymotor.o(i.presetMotion) for presetMotion
    main.o(i.Core_control) refers to rtx_semaphore.o(.text.osSemaphoreRelease) for osSemaphoreRelease
    main.o(i.Core_control) refers to main.o(.data) for motorQ
    main.o(i.main) refers to system_mkl25z4.o(i.SystemCoreClockUpdate) for SystemCoreClockUpdate
    main.o(i.main) refers to setup.o(i.initClockGate) for initClockGate
    main.o(i.main) refers to myuart.o(i.initUART) for initUART
    main.o(i.main) refers to setup.o(i.initMotorPWM) for initMotorPWM
    main.o(i.main) refers to myled.o(i.initLED) for initLED
    main.o(i.main) refers to music.o(i.initMusic) for initMusic
    main.o(i.main) refers to mysonic.o(i.initSonic) for initSonic
    main.o(i.main) refers to rtx_kernel.o(.text.osKernelInitialize) for osKernelInitialize
    main.o(i.main) refers to rtx_mutex.o(.text.osMutexNew) for osMutexNew
    main.o(i.main) refers to rtx_semaphore.o(.text.osSemaphoreNew) for osSemaphoreNew
    main.o(i.main) refers to rtx_thread.o(.text.osThreadNew) for osThreadNew
    main.o(i.main) refers to rtx_msgqueue.o(.text.osMessageQueueNew) for osMessageQueueNew
    main.o(i.main) refers to rtx_kernel.o(.text.osKernelStart) for osKernelStart
    main.o(i.main) refers to main.o(.data) for MotorBusy
    main.o(i.main) refers to myled.o(i.tGreenLed) for tGreenLed
    main.o(i.main) refers to myled.o(i.tRedLed) for tRedLed
    main.o(i.main) refers to myuart.o(i.tBuffer) for tBuffer
    main.o(i.main) refers to main.o(i.Core_control) for Core_control
    main.o(i.main) refers to music.o(i.playMusic) for playMusic
    main.o(i.main) refers to mysonic.o(i.tUltrasonic) for tUltrasonic
    main.o(i.main) refers to mymotor.o(i.tSelfDrive) for tSelfDrive
    mymotor.o(i.TurnLeftAndStop) refers to mymotor.o(i.presetMotion) for presetMotion
    mymotor.o(i.TurnLeftAndStop) refers to mymotor.o(i.stopMotors) for stopMotors
    mymotor.o(i.TurnLeftAndStop) refers to rtx_delay.o(.text.osDelay) for osDelay
    mymotor.o(i.TurnRightAndStop) refers to mymotor.o(i.presetMotion) for presetMotion
    mymotor.o(i.TurnRightAndStop) refers to mymotor.o(i.stopMotors) for stopMotors
    mymotor.o(i.TurnRightAndStop) refers to rtx_delay.o(.text.osDelay) for osDelay
    mymotor.o(i.changeSpeed) refers to rtx_mutex.o(.text.osMutexAcquire) for osMutexAcquire
    mymotor.o(i.changeSpeed) refers to rtx_mutex.o(.text.osMutexRelease) for osMutexRelease
    mymotor.o(i.changeSpeed) refers to main.o(.data) for MotorBusy
    mymotor.o(i.changeSpeed) refers to mymotor.o(.data) for SPEED_CONTROL
    mymotor.o(i.changeSpeedTank) refers to rtx_mutex.o(.text.osMutexAcquire) for osMutexAcquire
    mymotor.o(i.changeSpeedTank) refers to rtx_mutex.o(.text.osMutexRelease) for osMutexRelease
    mymotor.o(i.changeSpeedTank) refers to main.o(.data) for MotorBusy
    mymotor.o(i.goStrightAndStop) refers to mymotor.o(i.changeSpeedTank) for changeSpeedTank
    mymotor.o(i.goStrightAndStop) refers to rtx_delay.o(.text.osDelay) for osDelay
    mymotor.o(i.goStrightAndStop) refers to mymotor.o(i.stopMotors) for stopMotors
    mymotor.o(i.presetMotion) refers to mymotor.o(i.changeSpeedTank) for changeSpeedTank
    mymotor.o(i.presetMotion) refers to rtx_delay.o(.text.osDelay) for osDelay
    mymotor.o(i.presetMotion) refers to mymotor.o(i.stopMotors) for stopMotors
    mymotor.o(i.stopMotors) refers to rtx_mutex.o(.text.osMutexRelease) for osMutexRelease
    mymotor.o(i.stopMotors) refers to rtx_mutex.o(.text.osMutexAcquire) for osMutexAcquire
    mymotor.o(i.stopMotors) refers to main.o(.data) for MotorBusy
    mymotor.o(i.tSelfDrive) refers to rtx_semaphore.o(.text.osSemaphoreAcquire) for osSemaphoreAcquire
    mymotor.o(i.tSelfDrive) refers to mymotor.o(i.changeSpeedTank) for changeSpeedTank
    mymotor.o(i.tSelfDrive) refers to rtx_semaphore.o(.text.osSemaphoreRelease) for osSemaphoreRelease
    mymotor.o(i.tSelfDrive) refers to mymotor.o(i.stopMotors) for stopMotors
    mymotor.o(i.tSelfDrive) refers to rtx_delay.o(.text.osDelay) for osDelay
    mymotor.o(i.tSelfDrive) refers to mymotor.o(i.TurnLeftAndStop) for TurnLeftAndStop
    mymotor.o(i.tSelfDrive) refers to mymotor.o(i.goStrightAndStop) for goStrightAndStop
    mymotor.o(i.tSelfDrive) refers to mymotor.o(i.TurnRightAndStop) for TurnRightAndStop
    mymotor.o(i.tSelfDrive) refers to main.o(.data) for canStartAI
    myled.o(i.greenRunning) refers to rtx_delay.o(.text.osDelay) for osDelay
[...]
    Removing rtx_msgqueue.o(.text.svcRtxMessageQueueGetMsgSize), (18 bytes).
    Removing rtx_msgqueue.o(.ARM.exidx.text.svcRtxMessageQueueGetMsgSize), (8 bytes).
    Removing rtx_msgqueue.o(.text.osMessageQueueGetCount), (48 bytes).
    Removing rtx_msgqueue.o(.ARM.exidx.text.osMessageQueueGetCount), (8 bytes).
    Removing rtx_msgqueue.o(.text.svcRtxMessageQueueGetCount), (18 bytes).
    Removing rtx_msgqueue.o(.ARM.exidx.text.svcRtxMessageQueueGetCount), (8 bytes).
    Removing rtx_msgqueue.o(.text.osMessageQueueGetSpace), (36 bytes).
    Removing rtx_msgqueue.o(.ARM.exidx.text.osMessageQueueGetSpace), (8 bytes).
    Removing rtx_msgqueue.o(.text.svcRtxMessageQueueGetSpace), (22 bytes).
    Removing rtx_msgqueue.o(.ARM.exidx.text.svcRtxMessageQueueGetSpace), (8 bytes).
    Removing rtx_msgqueue.o(.text.osMessageQueueReset), (40 bytes).
    Removing rtx_msgqueue.o(.ARM.exidx.text.osMessageQueueReset), (8 bytes).
    Removing rtx_msgqueue.o(.text.osMessageQueueDelete), (40 bytes).
    Removing rtx_msgqueue.o(.ARM.exidx.text.osMessageQueueDelete), (8 bytes).
    Removing rtx_msgqueue.o(.ARM.exidx.text.svcRtxMessageQueueNew), (8 bytes).
    Removing rtx_msgqueue.o(.ARM.exidx.text.osRtxMessageQueuePostProcess), (8 bytes).
    Removing rtx_msgqueue.o(.ARM.exidx.text.MessageQueueRemove), (8 bytes).
    Removing rtx_msgqueue.o(.ARM.exidx.text.MessageQueuePut), (8 bytes).
    Removing rtx_msgqueue.o(.text.svcRtxMessageQueueGetName), (18 bytes).
    Removing rtx_msgqueue.o(.ARM.exidx.text.svcRtxMessageQueueGetName), (8 bytes).
    Removing rtx_msgqueue.o(.ARM.exidx.text.svcRtxMessageQueuePut), (8 bytes).
    Removing rtx_msgqueue.o(.ARM.exidx.text.MessageQueueGet), (8 bytes).
    Removing rtx_msgqueue.o(.ARM.exidx.text.svcRtxMessageQueueGet), (8 bytes).
    Removing rtx_msgqueue.o(.text.svcRtxMessageQueueReset), (162 bytes).
    Removing rtx_msgqueue.o(.ARM.exidx.text.svcRtxMessageQueueReset), (8 bytes).
    Removing rtx_msgqueue.o(.text.svcRtxMessageQueueDelete), (112 bytes).
    Removing rtx_msgqueue.o(.ARM.exidx.text.svcRtxMessageQueueDelete), (8 bytes).
    Removing irq_cm0.o(.constdata), (1 bytes).
    Removing rtx_timer.o(.text), (0 bytes).
    Removing rtx_timer.o(.ARM.exidx.text.osRtxTimerThread), (8 bytes).
    Removing rtx_timer.o(.ARM.exidx.text.osRtxTimerTick), (8 bytes).
    Removing rtx_timer.o(.text.osTimerNew), (36 bytes).
    Removing rtx_timer.o(.ARM.exidx.text.osTimerNew), (8 bytes).
    Removing rtx_timer.o(.text.osTimerGetName), (36 bytes).
    Removing rtx_timer.o(.ARM.exidx.text.osTimerGetName), (8 bytes).
    Removing rtx_timer.o(.text.osTimerStart), (40 bytes).
    Removing rtx_timer.o(.ARM.exidx.text.osTimerStart), (8 bytes).
    Removing rtx_timer.o(.text.osTimerStop), (40 bytes).
    Removing rtx_timer.o(.ARM.exidx.text.osTimerStop), (8 bytes).
    Removing rtx_timer.o(.text.osTimerIsRunning), (36 bytes).
    Removing rtx_timer.o(.ARM.exidx.text.osTimerIsRunning), (8 bytes).
    Removing rtx_timer.o(.text.osTimerDelete), (40 bytes).
    Removing rtx_timer.o(.ARM.exidx.text.osTimerDelete), (8 bytes).
    Removing rtx_timer.o(.ARM.exidx.text.TimerInsert), (8 bytes).
    Removing rtx_timer.o(.text.svcRtxTimerNew), (132 bytes).
    Removing rtx_timer.o(.ARM.exidx.text.svcRtxTimerNew), (8 bytes).
    Removing rtx_timer.o(.text.svcRtxTimerGetName), (18 bytes).
    Removing rtx_timer.o(.ARM.exidx.text.svcRtxTimerGetName), (8 bytes).
    Removing rtx_timer.o(.text.svcRtxTimerStart), (72 bytes).
    Removing rtx_timer.o(.ARM.exidx.text.svcRtxTimerStart), (8 bytes).
    Removing rtx_timer.o(.text.TimerRemove), (40 bytes).
    Removing rtx_timer.o(.ARM.exidx.text.TimerRemove), (8 bytes).
    Removing rtx_timer.o(.text.svcRtxTimerStop), (42 bytes).
    Removing rtx_timer.o(.ARM.exidx.text.svcRtxTimerStop), (8 bytes).
    Removing rtx_timer.o(.text.svcRtxTimerIsRunning), (24 bytes).
    Removing rtx_timer.o(.ARM.exidx.text.svcRtxTimerIsRunning), (8 bytes).
    Removing rtx_timer.o(.text.svcRtxTimerDelete), (76 bytes).
    Removing rtx_timer.o(.ARM.exidx.text.svcRtxTimerDelete), (8 bytes).
    Removing rtx_memory.o(.text), (0 bytes).
    Removing rtx_memory.o(.ARM.exidx.text.osRtxMemoryInit), (8 bytes).
    Removing rtx_memory.o(.ARM.exidx.text.osRtxMemoryAlloc), (8 bytes).
    Removing rtx_memory.o(.ARM.exidx.text.osRtxMemoryFree), (8 bytes).
    Removing rtx_mempool.o(.text), (0 bytes).
    Removing rtx_mempool.o(.ARM.exidx.text.osRtxMemoryPoolInit), (8 bytes).
    Removing rtx_mempool.o(.ARM.exidx.text.osRtxMemoryPoolAlloc), (8 bytes).
    Removing rtx_mempool.o(.ARM.exidx.text.osRtxMemoryPoolFree), (8 bytes).
    Removing rtx_mempool.o(.text.osMemoryPoolNew), (36 bytes).
    Removing rtx_mempool.o(.ARM.exidx.text.osMemoryPoolNew), (8 bytes).
    Removing rtx_mempool.o(.text.osMemoryPoolGetName), (36 bytes).
    Removing rtx_mempool.o(.ARM.exidx.text.osMemoryPoolGetName), (8 bytes).
    Removing rtx_mempool.o(.text.osMemoryPoolAlloc), (56 bytes).
    Removing rtx_mempool.o(.ARM.exidx.text.osMemoryPoolAlloc), (8 bytes).
    Removing rtx_mempool.o(.text.osMemoryPoolFree), (72 bytes).
    Removing rtx_mempool.o(.ARM.exidx.text.osMemoryPoolFree), (8 bytes).
    Removing rtx_mempool.o(.text.osMemoryPoolGetCapacity), (48 bytes).
    Removing rtx_mempool.o(.ARM.exidx.text.osMemoryPoolGetCapacity), (8 bytes).
    Removing rtx_mempool.o(.text.svcRtxMemoryPoolGetCapacity), (18 bytes).
    Removing rtx_mempool.o(.ARM.exidx.text.svcRtxMemoryPoolGetCapacity), (8 bytes).
    Removing rtx_mempool.o(.text.osMemoryPoolGetBlockSize), (48 bytes).
    Removing rtx_mempool.o(.ARM.exidx.text.osMemoryPoolGetBlockSize), (8 bytes).
    Removing rtx_mempool.o(.text.svcRtxMemoryPoolGetBlockSize), (18 bytes).
    Removing rtx_mempool.o(.ARM.exidx.text.svcRtxMemoryPoolGetBlockSize), (8 bytes).
    Removing rtx_mempool.o(.text.osMemoryPoolGetCount), (48 bytes).
    Removing rtx_mempool.o(.ARM.exidx.text.osMemoryPoolGetCount), (8 bytes).
    Removing rtx_mempool.o(.text.svcRtxMemoryPoolGetCount), (18 bytes).
    Removing rtx_mempool.o(.ARM.exidx.text.svcRtxMemoryPoolGetCount), (8 bytes).
    Removing rtx_mempool.o(.text.osMemoryPoolGetSpace), (36 bytes).
    Removing rtx_mempool.o(.ARM.exidx.text.osMemoryPoolGetSpace), (8 bytes).
    Removing rtx_mempool.o(.text.svcRtxMemoryPoolGetSpace), (22 bytes).
    Removing rtx_mempool.o(.ARM.exidx.text.svcRtxMemoryPoolGetSpace), (8 bytes).
    Removing rtx_mempool.o(.text.osMemoryPoolDelete), (40 bytes).
    Removing rtx_mempool.o(.ARM.exidx.text.osMemoryPoolDelete), (8 bytes).
    Removing rtx_mempool.o(.text.svcRtxMemoryPoolNew), (444 bytes).
    Removing rtx_mempool.o(.ARM.exidx.text.svcRtxMemoryPoolNew), (8 bytes).
    Removing rtx_mempool.o(.text.osRtxMemoryPoolPostProcess), (40 bytes).
    Removing rtx_mempool.o(.ARM.exidx.text.osRtxMemoryPoolPostProcess), (8 bytes).
    Removing rtx_mempool.o(.text.svcRtxMemoryPoolGetName), (18 bytes).
    Removing rtx_mempool.o(.ARM.exidx.text.svcRtxMemoryPoolGetName), (8 bytes).
    Removing rtx_mempool.o(.text.svcRtxMemoryPoolAlloc), (64 bytes).
    Removing rtx_mempool.o(.ARM.exidx.text.svcRtxMemoryPoolAlloc), (8 bytes).
    Removing rtx_mempool.o(.text.svcRtxMemoryPoolFree), (72 bytes).
    Removing rtx_mempool.o(.ARM.exidx.text.svcRtxMemoryPoolFree), (8 bytes).
    Removing rtx_mempool.o(.text.svcRtxMemoryPoolDelete), (112 bytes).
    Removing rtx_mempool.o(.ARM.exidx.text.svcRtxMemoryPoolDelete), (8 bytes).
    Removing rtx_system.o(.text), (0 bytes).
    Removing rtx_system.o(.ARM.exidx.text.osRtxTick_Handler), (8 bytes).
    Removing rtx_system.o(.ARM.exidx.text.osRtxPendSV_Handler), (8 bytes).
    Removing rtx_system.o(.ARM.exidx.text.osRtxPostProcess), (8 bytes).
    Removing os_systick.o(.text), (0 bytes).
    Removing os_systick.o(.ARM.exidx.text.OS_Tick_Setup), (8 bytes).
    Removing os_systick.o(.ARM.exidx.text.OS_Tick_Enable), (8 bytes).
    Removing os_systick.o(.text.OS_Tick_Disable), (40 bytes).
    Removing os_systick.o(.ARM.exidx.text.OS_Tick_Disable), (8 bytes).
    Removing os_systick.o(.ARM.exidx.text.OS_Tick_AcknowledgeIRQ), (8 bytes).
    Removing os_systick.o(.ARM.exidx.text.OS_Tick_GetIRQn), (8 bytes).
    Removing os_systick.o(.text.OS_Tick_GetClock), (12 bytes).
    Removing os_systick.o(.ARM.exidx.text.OS_Tick_GetClock), (8 bytes).
    Removing os_systick.o(.text.OS_Tick_GetInterval), (12 bytes).
    Removing os_systick.o(.ARM.exidx.text.OS_Tick_GetInterval), (8 bytes).
    Removing os_systick.o(.text.OS_Tick_GetCount), (16 bytes).
    Removing os_systick.o(.ARM.exidx.text.OS_Tick_GetCount), (8 bytes).
    Removing os_systick.o(.text.OS_Tick_GetOverflow), (16 bytes).
    Removing os_systick.o(.ARM.exidx.text.OS_Tick_GetOverflow), (8 bytes).

359 unused section(s) (total 7949 bytes) removed from the image.

==============================================================================

Image Symbol Table

    Local Symbols

    Symbol Name                              Value     Ov Type        Size  Object(Section)

    RESET                                    0x00000000   Section      192  startup_mkl25z4.o(RESET)
    ../clib/../cmprslib/zerorunl2.c          0x00000000   Number         0  __dczerorl2.o ABSOLUTE
    ../clib/microlib/division.c              0x00000000   Number         0  idiv.o ABSOLUTE
    ../clib/microlib/division.c              0x00000000   Number         0  uidiv.o ABSOLUTE
    ../clib/microlib/init/entry.s            0x00000000   Number         0  entry8a.o ABSOLUTE
    ../clib/microlib/init/entry.s            0x00000000   Number         0  entry7b.o ABSOLUTE
    ../clib/microlib/init/entry.s            0x00000000   Number         0  entry9b.o ABSOLUTE
    ../clib/microlib/init/entry.s            0x00000000   Number         0  entry10a.o ABSOLUTE
    ../clib/microlib/init/entry.s            0x00000000   Number         0  entry7a.o ABSOLUTE
    ../clib/microlib/init/entry.s            0x00000000   Number         0  entry10b.o ABSOLUTE
    ../clib/microlib/init/entry.s            0x00000000   Number         0  entry11a.o ABSOLUTE
    ../clib/microlib/init/entry.s            0x00000000   Number         0  entry11b.o ABSOLUTE
    ../clib/microlib/init/entry.s            0x00000000   Number         0  entry5.o ABSOLUTE
    ../clib/microlib/init/entry.s            0x00000000   Number         0  entry2.o ABSOLUTE
    ../clib/microlib/init/entry.s            0x00000000   Number         0  entry.o ABSOLUTE
    ../clib/microlib/init/entry.s            0x00000000   Number         0  entry8b.o ABSOLUTE
    ../clib/microlib/init/entry.s            0x00000000   Number         0  entry9a.o ABSOLUTE
    ../clib/microlib/longlong.c              0x00000000   Number         0  llushr.o ABSOLUTE
    ../clib/microlib/longlong.c              0x00000000   Number         0  llshl.o ABSOLUTE
    ../clib/microlib/string/memcpy.c         0x00000000   Number         0  memcpyb.o ABSOLUTE
    ../clib/microlib/string/memcpy.c         0x00000000   Number         0  memcpya.o ABSOLUTE
    ../clib/microlib/string/memset.c         0x00000000   Number         0  memseta.o ABSOLUTE
    ../clib/microlib/stubs.s                 0x00000000   Number         0  iusefp.o ABSOLUTE
    ../fplib/microlib/f2d.c                  0x00000000   Number         0  f2d.o ABSOLUTE
    ../fplib/microlib/fpepilogue.c           0x00000000   Number         0  depilogue.o ABSOLUTE
    ../fplib/microlib/fpepilogue.c           0x00000000   Number         0  fepilogue.o ABSOLUTE
    ../fplib/microlib/fpfix.c                0x00000000   Number         0  dfixi.o ABSOLUTE
    ../fplib/microlib/fpflt.c                0x00000000   Number         0  fflti.o ABSOLUTE
    ../fplib/microlib/fpflt.c                0x00000000   Number         0  dflti.o ABSOLUTE
    ../fplib/microlib/fpmul.c                0x00000000   Number         0  dmul.o ABSOLUTE
    ..\..\..\Source\ARM\irq_cm0.s            0x00000000   Number         0  irq_cm0.o ABSOLUTE
    C:\Users\liu63\AppData\Local\Arm\Packs\ARM\CMSIS\5.6.0\CMSIS\RTOS2\RTX\Source\rtx_lib.c 0x00000000   Number         0  rtx_lib.o ABSOLUTE
    C:\\Users\\liu63\\AppData\\Local\\Arm\\Packs\\ARM\\CMSIS\\5.6.0\\CMSIS\\RTOS2\\RTX\\Source\\rtx_lib.c 0x00000000   Number         0  rtx_lib.o ABSOLUTE
    Main.c                                   0x00000000   Number         0  main.o ABSOLUTE
    Main.c                                   0x00000000   Number         0  main.o ABSOLUTE
    RTE\CMSIS\RTX_Config.c                   0x00000000   Number         0  rtx_config.o ABSOLUTE
    RTE\Device\MKL25Z128xxx4\startup_MKL25Z4.s 0x00000000   Number         0  startup_mkl25z4.o ABSOLUTE
    RTE\Device\MKL25Z128xxx4\system_MKL25Z4.c 0x00000000   Number         0  system_mkl25z4.o ABSOLUTE
    RTE\\CMSIS\\RTX_Config.c                 0x00000000   Number         0  rtx_config.o ABSOLUTE
    RTE\\Device\\MKL25Z128xxx4\\system_MKL25Z4.c 0x00000000   Number         0  system_mkl25z4.o ABSOLUTE
    dc.s                                     0x00000000   Number         0  dc.o ABSOLUTE
    handlers.s                               0x00000000   Number         0  handlers.o ABSOLUTE
    init.s                                   0x00000000   Number         0  init.o ABSOLUTE
    music.c                                  0x00000000   Number         0  music.o ABSOLUTE
    music.c                                  0x00000000   Number         0  music.o ABSOLUTE
    myLED.c                                  0x00000000   Number         0  myled.o ABSOLUTE
    myLED.c                                  0x00000000   Number         0  myled.o ABSOLUTE
    myMotor.c                                0x00000000   Number         0  mymotor.o ABSOLUTE
    myMotor.c                                0x00000000   Number         0  mymotor.o ABSOLUTE
    mySonic.c                                0x00000000   Number         0  mysonic.o ABSOLUTE
    mySonic.c                                0x00000000   Number         0  mysonic.o ABSOLUTE
    myUART.c                                 0x00000000   Number         0  myuart.o ABSOLUTE
    myUART.c                                 0x00000000   Number         0  myuart.o ABSOLUTE
    os_systick.c                             0x00000000   Number         0  os_systick.o ABSOLUTE
    rtx_delay.c                              0x00000000   Number         0  rtx_delay.o ABSOLUTE
    rtx_kernel.c                             0x00000000   Number         0  rtx_kernel.o ABSOLUTE
    rtx_memory.c                             0x00000000   Number         0  rtx_memory.o ABSOLUTE
    rtx_mempool.c                            0x00000000   Number         0  rtx_mempool.o ABSOLUTE
    rtx_msgqueue.c                           0x00000000   Number         0  rtx_msgqueue.o ABSOLUTE
    rtx_mutex.c                              0x00000000   Number         0  rtx_mutex.o ABSOLUTE
    rtx_semaphore.c                          0x00000000   Number         0  rtx_semaphore.o ABSOLUTE
    rtx_system.c                             0x00000000   Number         0  rtx_system.o ABSOLUTE
    rtx_thread.c                             0x00000000   Number         0  rtx_thread.o ABSOLUTE
    rtx_timer.c                              0x00000000   Number         0  rtx_timer.o ABSOLUTE
    setup.c                                  0x00000000   Number         0  setup.o ABSOLUTE
    setup.c                                  0x00000000   Number         0  setup.o ABSOLUTE
    .ARM.Collect$$$$00000000                 0x000000c0   Section        0  entry.o(.ARM.Collect$$$$00000000)
    .ARM.Collect$$$$00000001                 0x000000c0   Section        4  entry2.o(.ARM.Collect$$$$00000001)
    .ARM.Collect$$$$00000004                 0x000000c4   Section        4  entry5.o(.ARM.Collect$$$$00000004)
    .ARM.Collect$$$$00000008                 0x000000c8   Section        0  entry7b.o(.ARM.Collect$$$$00000008)
    .ARM.Collect$$$$0000000A                 0x000000c8   Section        0  entry8b.o(.ARM.Collect$$$$0000000A)
    .ARM.Collect$$$$0000000B                 0x000000c8   Section        8  entry9a.o(.ARM.Collect$$$$0000000B)
    .ARM.Collect$$$$0000000D                 0x000000d0   Section        0  entry10a.o(.ARM.Collect$$$$0000000D)
    .ARM.Collect$$$$0000000F                 0x000000d0   Section        0  entry11a.o(.ARM.Collect$$$$0000000F)
    .ARM.Collect$$$$00002712                 0x000000d0   Section        4  entry2.o(.ARM.Collect$$$$00002712)
    __lit__00000000                          0x000000d0   Data           4  entry2.o(.ARM.Collect$$$$00002712)
    .text                                    0x000000d4   Section       40  startup_mkl25z4.o(.text)
    .text                                    0x000000fc   Section      164  irq_cm0.o(.text)
    .text                                    0x000001a0   Section        0  uidiv.o(.text)
    .text                                    0x000001cc   Section        0  idiv.o(.text)
    .text                                    0x000001f4   Section        0  memcpya.o(.text)
    .text                                    0x00000218   Section        0  memseta.o(.text)
    .text                                    0x0000023c   Section        0  dmul.o(.text)
    .text                                    0x0000030c   Section        0  fflti.o(.text)
    .text                                    0x00000324   Section        0  dflti.o(.text)
    .text                                    0x0000034c   Section        0  dfixi.o(.text)
    .text                                    0x00000394   Section        0  f2d.o(.text)
    .text                                    0x000003bc   Section        0  llushr.o(.text)
    .text                                    0x000003de   Section        0  iusefp.o(.text)
    .text                                    0x000003de   Section        0  llshl.o(.text)
    [Anonymous Symbol]                       0x000003fe   Section        0  rtx_kernel.o(.text.osRtxKernelPreInit)
    .ARM.__at_0x400                          0x00000400   Section       16  startup_mkl25z4.o(.ARM.__at_0x400)
    .text                                    0x00000410   Section        0  fepilogue.o(.text)
    .text                                    0x00000492   Section        0  depilogue.o(.text)
    .text                                    0x00000550   Section       36  init.o(.text)
    .text                                    0x00000574   Section        0  __dczerorl2.o(.text)
    [Anonymous Symbol]                       0x000005ca   Section        0  rtx_msgqueue.o(.text.MessageQueueGet)
    MessageQueueGet                          0x000005cb   Thumb Code    76  rtx_msgqueue.o(.text.MessageQueueGet)
    [Anonymous Symbol]                       0x00000616   Section        0  rtx_msgqueue.o(.text.MessageQueuePut)
    MessageQueuePut                          0x00000617   Thumb Code    98  rtx_msgqueue.o(.text.MessageQueuePut)
    [Anonymous Symbol]                       0x00000678   Section        0  rtx_msgqueue.o(.text.MessageQueueRemove)
    MessageQueueRemove                       0x00000679   Thumb Code    30  rtx_msgqueue.o(.text.MessageQueueRemove)
    [Anonymous Symbol]                       0x00000698   Section        0  os_systick.o(.text.OS_Tick_AcknowledgeIRQ)
    __arm_cp.3_0                             0x000006a0   Number         4  os_systick.o(.text.OS_Tick_AcknowledgeIRQ)
    [Anonymous Symbol]                       0x000006a4   Section        0  os_systick.o(.text.OS_Tick_Enable)
    __arm_cp.1_0                             0x000006c4   Number         4  os_systick.o(.text.OS_Tick_Enable)
    __arm_cp.1_1                             0x000006c8   Number         4  os_systick.o(.text.OS_Tick_Enable)
    __arm_cp.1_2                             0x000006cc   Number         4  os_systick.o(.text.OS_Tick_Enable)
    [Anonymous Symbol]                       0x000006d0   Section        0  os_systick.o(.text.OS_Tick_GetIRQn)
    [Anonymous Symbol]                       0x000006d8   Section        0  os_systick.o(.text.OS_Tick_Setup)
    __arm_cp.0_0                             0x00000714   Number         4  os_systick.o(.text.OS_Tick_Setup)
    __arm_cp.0_1                             0x00000718   Number         4  os_systick.o(.text.OS_Tick_Setup)
    __arm_cp.0_2                             0x0000071c   Number         4  os_systick.o(.text.OS_Tick_Setup)
    __arm_cp.0_3                             0x00000720   Number         4  os_systick.o(.text.OS_Tick_Setup)
    [Anonymous Symbol]                       0x00000724   Section        0  rtx_semaphore.o(.text.SemaphoreTokenDecrement)
    SemaphoreTokenDecrement                  0x00000725   Thumb Code    36  rtx_semaphore.o(.text.SemaphoreTokenDecrement)
    [Anonymous Symbol]                       0x00000748   Section        0  rtx_semaphore.o(.text.SemaphoreTokenIncrement)
    SemaphoreTokenIncrement                  0x00000749   Thumb Code    38  rtx_semaphore.o(.text.SemaphoreTokenIncrement)
    [Anonymous Symbol]                       0x0000076e   Section        0  rtx_thread.o(.text.ThreadFlagsCheck)
    ThreadFlagsCheck                         0x0000076f   Thumb Code    78  rtx_thread.o(.text.ThreadFlagsCheck)
    [Anonymous Symbol]                       0x000007bc   Section        0  rtx_timer.o(.text.TimerInsert)
    TimerInsert                              0x000007bd   Thumb Code    76  rtx_timer.o(.text.TimerInsert)
    __arm_cp.8_0                             0x00000804   Number         4  rtx_timer.o(.text.TimerInsert)
    [Anonymous Symbol]                       0x00000808   Section        0  rtx_delay.o(.text.osDelay)
    __arm_cp.0_0                             0x0000082c   Number         4  rtx_delay.o(.text.osDelay)
    [Anonymous Symbol]                       0x00000830   Section        0  rtx_kernel.o(.text.osKernelInitialize)
    __arm_cp.1_0                             0x00000854   Number         4  rtx_kernel.o(.text.osKernelInitialize)
    [Anonymous Symbol]                       0x00000858   Section        0  rtx_kernel.o(.text.osKernelStart)
    __arm_cp.6_0                             0x00000878   Number         4  rtx_kernel.o(.text.osKernelStart)
    [Anonymous Symbol]                       0x0000087c   Section        0  rtx_msgqueue.o(.text.osMessageQueueGet)
    __arm_cp.3_0                             0x000008ec   Number         4  rtx_msgqueue.o(.text.osMessageQueueGet)
    [Anonymous Symbol]                       0x000008f0   Section        0  rtx_msgqueue.o(.text.osMessageQueueNew)
    __arm_cp.0_0                             0x00000910   Number         4  rtx_msgqueue.o(.text.osMessageQueueNew)
    [Anonymous Symbol]                       0x00000914   Section        0  rtx_msgqueue.o(.text.osMessageQueuePut)
    __arm_cp.2_0                             0x00000988   Number         4  rtx_msgqueue.o(.text.osMessageQueuePut)
    [Anonymous Symbol]                       0x0000098c   Section        0  rtx_mutex.o(.text.osMutexAcquire)
    __arm_cp.3_0                             0x000009b0   Number         4  rtx_mutex.o(.text.osMutexAcquire)
    [Anonymous Symbol]                       0x000009b4   Section        0  rtx_mutex.o(.text.osMutexNew)
    __arm_cp.1_0                             0x000009d4   Number         4  rtx_mutex.o(.text.osMutexNew)
    [Anonymous Symbol]                       0x000009d8   Section        0  rtx_mutex.o(.text.osMutexRelease)
    __arm_cp.4_0                             0x000009fc   Number         4  rtx_mutex.o(.text.osMutexRelease)
    [Anonymous Symbol]                       0x00000a00   Section        0  rtx_memory.o(.text.osRtxMemoryAlloc)
    [Anonymous Symbol]                       0x00000a7c   Section        0  rtx_memory.o(.text.osRtxMemoryFree)
    [Anonymous Symbol]                       0x00000aca   Section        0  rtx_memory.o(.text.osRtxMemoryInit)
    [Anonymous Symbol]                       0x00000afc   Section        0  rtx_mempool.o(.text.osRtxMemoryPoolAlloc)
    [Anonymous Symbol]                       0x00000b2a   Section        0  rtx_mempool.o(.text.osRtxMemoryPoolFree)
    [Anonymous Symbol]                       0x00000b64   Section        0  rtx_mempool.o(.text.osRtxMemoryPoolInit)
    [Anonymous Symbol]                       0x00000ba2   Section        0  rtx_msgqueue.o(.text.osRtxMessageQueuePostProcess)
    osRtxMessageQueuePostProcess             0x00000ba3   Thumb Code   188  rtx_msgqueue.o(.text.osRtxMessageQueuePostProcess)
    [Anonymous Symbol]                       0x00000c5e   Section        0  rtx_mutex.o(.text.osRtxMutexOwnerRelease)
    [Anonymous Symbol]                       0x00000ca4   Section        0  rtx_system.o(.text.osRtxPendSV_Handler)
    __arm_cp.1_0                             0x00000d20   Number         4  rtx_system.o(.text.osRtxPendSV_Handler)
    [Anonymous Symbol]                       0x00000d24   Section        0  rtx_system.o(.text.osRtxPostProcess)
    __arm_cp.2_0                             0x00000d88   Number         4  rtx_system.o(.text.osRtxPostProcess)
    __arm_cp.2_1                             0x00000d8c   Number         4  rtx_system.o(.text.osRtxPostProcess)
    [Anonymous Symbol]                       0x00000d90   Section        0  rtx_semaphore.o(.text.osRtxSemaphorePostProcess)
    osRtxSemaphorePostProcess                0x00000d91   Thumb Code    36  rtx_semaphore.o(.text.osRtxSemaphorePostProcess)
    [Anonymous Symbol]                       0x00000db4   Section        0  rtx_thread.o(.text.osRtxThreadBlock)
    osRtxThreadBlock                         0x00000db5   Thumb Code    56  rtx_thread.o(.text.osRtxThreadBlock)
    __arm_cp.10_0                            0x00000de8   Number         4  rtx_thread.o(.text.osRtxThreadBlock)
    [Anonymous Symbol]                       0x00000dec   Section        0  rtx_thread.o(.text.osRtxThreadDelayInsert)
    osRtxThreadDelayInsert                   0x00000ded   Thumb Code   128  rtx_thread.o(.text.osRtxThreadDelayInsert)
    __arm_cp.14_0                            0x00000e68   Number         4  rtx_thread.o(.text.osRtxThreadDelayInsert)
    [Anonymous Symbol]                       0x00000e6c   Section        0  rtx_thread.o(.text.osRtxThreadDelayRemove)
    osRtxThreadDelayRemove                   0x00000e6d   Thumb Code    68  rtx_thread.o(.text.osRtxThreadDelayRemove)
    __arm_cp.12_0                            0x00000eac   Number         4  rtx_thread.o(.text.osRtxThreadDelayRemove)
    [Anonymous Symbol]                       0x00000eb0   Section        0  rtx_thread.o(.text.osRtxThreadDelayTick)
    __arm_cp.5_0                             0x00000ee4   Number         4  rtx_thread.o(.text.osRtxThreadDelayTick)
    [Anonymous Symbol]                       0x00000ee8   Section        0  rtx_thread.o(.text.osRtxThreadDispatch)
    __arm_cp.9_0                             0x00000f34   Number         4  rtx_thread.o(.text.osRtxThreadDispatch)
    [Anonymous Symbol]                       0x00000f38   Section        0  rtx_thread.o(.text.osRtxThreadFree)
    osRtxThreadFree                          0x00000f39   Thumb Code    84  rtx_thread.o(.text.osRtxThreadFree)
    __arm_cp.52_0                            0x00000f88   Number         4  rtx_thread.o(.text.osRtxThreadFree)
    [Anonymous Symbol]                       0x00000f8c   Section        0  rtx_thread.o(.text.osRtxThreadListGet)
    [Anonymous Symbol]                       0x00000fa0   Section        0  rtx_thread.o(.text.osRtxThreadListPut)
    [Anonymous Symbol]                       0x00000fcc   Section        0  rtx_thread.o(.text.osRtxThreadListRemove)
    [Anonymous Symbol]                       0x00000fe4   Section        0  rtx_thread.o(.text.osRtxThreadListSort)
    [Anonymous Symbol]                       0x0000100a   Section        0  rtx_thread.o(.text.osRtxThreadPostProcess)
    osRtxThreadPostProcess                   0x0000100b   Thumb Code    38  rtx_thread.o(.text.osRtxThreadPostProcess)
    [Anonymous Symbol]                       0x00001030   Section        0  rtx_thread.o(.text.osRtxThreadReadyPut)
    __arm_cp.4_0                             0x00001044   Number         4  rtx_thread.o(.text.osRtxThreadReadyPut)
    [Anonymous Symbol]                       0x00001048   Section        0  rtx_thread.o(.text.osRtxThreadRegPtr)
    [Anonymous Symbol]                       0x00001050   Section        0  rtx_thread.o(.text.osRtxThreadStackCheck)
    __arm_cp.8_0                             0x00001074   Number         4  rtx_thread.o(.text.osRtxThreadStackCheck)
    __arm_cp.8_1                             0x00001078   Number         4  rtx_thread.o(.text.osRtxThreadStackCheck)
    [Anonymous Symbol]                       0x0000107c   Section        0  rtx_thread.o(.text.osRtxThreadStartup)
    __arm_cp.15_0                            0x000010ac   Number         4  rtx_thread.o(.text.osRtxThreadStartup)
    __arm_cp.15_1                            0x000010b0   Number         4  rtx_thread.o(.text.osRtxThreadStartup)
    __arm_cp.15_2                            0x000010b4   Number         4  rtx_thread.o(.text.osRtxThreadStartup)
    __arm_cp.15_3                            0x000010b8   Number         4  rtx_thread.o(.text.osRtxThreadStartup)
    [Anonymous Symbol]                       0x000010bc   Section        0  rtx_thread.o(.text.osRtxThreadSwitch)
    __arm_cp.7_0                             0x000010cc   Number         4  rtx_thread.o(.text.osRtxThreadSwitch)
    [Anonymous Symbol]                       0x000010d0   Section        0  rtx_thread.o(.text.osRtxThreadWaitEnter)
    __arm_cp.13_0                            0x00001108   Number         4  rtx_thread.o(.text.osRtxThreadWaitEnter)
    [Anonymous Symbol]                       0x0000110c   Section        0  rtx_thread.o(.text.osRtxThreadWaitExit)
    [Anonymous Symbol]                       0x00001130   Section        0  rtx_system.o(.text.osRtxTick_Handler)
    __arm_cp.0_0                             0x000011a0   Number         4  rtx_system.o(.text.osRtxTick_Handler)
    [Anonymous Symbol]                       0x000011a4   Section        0  rtx_timer.o(.text.osRtxTimerThread)
    __arm_cp.0_0                             0x000011d4   Number         4  rtx_timer.o(.text.osRtxTimerThread)
    __arm_cp.0_1                             0x000011d8   Number         4  rtx_timer.o(.text.osRtxTimerThread)
    __arm_cp.0_2                             0x000011dc   Number         4  rtx_timer.o(.text.osRtxTimerThread)
    [Anonymous Symbol]                       0x000011e0   Section        0  rtx_timer.o(.text.osRtxTimerTick)
    osRtxTimerTick                           0x000011e1   Thumb Code    96  rtx_timer.o(.text.osRtxTimerTick)
    __arm_cp.1_0                             0x0000123c   Number         4  rtx_timer.o(.text.osRtxTimerTick)
    [Anonymous Symbol]                       0x00001240   Section        0  rtx_semaphore.o(.text.osSemaphoreAcquire)
    __arm_cp.2_0                             0x00001280   Number         4  rtx_semaphore.o(.text.osSemaphoreAcquire)
    [Anonymous Symbol]                       0x00001284   Section        0  rtx_semaphore.o(.text.osSemaphoreNew)
    __arm_cp.0_0                             0x000012a4   Number         4  rtx_semaphore.o(.text.osSemaphoreNew)
    [Anonymous Symbol]                       0x000012a8   Section        0  rtx_semaphore.o(.text.osSemaphoreRelease)
    __arm_cp.3_0                             0x000012f0   Number         4  rtx_semaphore.o(.text.osSemaphoreRelease)
    [Anonymous Symbol]                       0x000012f4   Section        0  rtx_thread.o(.text.osThreadExit)
    __arm_cp.31_0                            0x000012fc   Number         4  rtx_thread.o(.text.osThreadExit)
    [Anonymous Symbol]                       0x00001300   Section        0  rtx_thread.o(.text.osThreadNew)
    __arm_cp.17_0                            0x00001320   Number         4  rtx_thread.o(.text.osThreadNew)
    [Anonymous Symbol]                       0x00001324   Section        0  rtx_delay.o(.text.svcRtxDelay)
    svcRtxDelay                              0x00001325   Thumb Code    18  rtx_delay.o(.text.svcRtxDelay)
    [Anonymous Symbol]                       0x00001338   Section        0  rtx_kernel.o(.text.svcRtxKernelInitialize)
    svcRtxKernelInitialize                   0x00001339   Thumb Code   328  rtx_kernel.o(.text.svcRtxKernelInitialize)
    __arm_cp.20_0                            0x00001474   Number         4  rtx_kernel.o(.text.svcRtxKernelInitialize)
    __arm_cp.20_1                            0x00001478   Number         4  rtx_kernel.o(.text.svcRtxKernelInitialize)
    __arm_cp.20_2                            0x0000147c   Number         4  rtx_kernel.o(.text.svcRtxKernelInitialize)
    [Anonymous Symbol]                       0x00001480   Section        0  rtx_kernel.o(.text.svcRtxKernelStart)
    svcRtxKernelStart                        0x00001481   Thumb Code   132  rtx_kernel.o(.text.svcRtxKernelStart)
    __arm_cp.21_0                            0x000014f4   Number         4  rtx_kernel.o(.text.svcRtxKernelStart)
    __arm_cp.21_1                            0x000014f8   Number         4  rtx_kernel.o(.text.svcRtxKernelStart)
    __arm_cp.21_2                            0x000014fc   Number         4  rtx_kernel.o(.text.svcRtxKernelStart)
    __arm_cp.21_3                            0x00001500   Number         4  rtx_kernel.o(.text.svcRtxKernelStart)
    [Anonymous Symbol]                       0x00001504   Section        0  rtx_msgqueue.o(.text.svcRtxMessageQueueGet)
    svcRtxMessageQueueGet                    0x00001505   Thumb Code   232  rtx_msgqueue.o(.text.svcRtxMessageQueueGet)
    __arm_cp.21_0                            0x000015e8   Number         4  rtx_msgqueue.o(.text.svcRtxMessageQueueGet)
    [Anonymous Symbol]                       0x000015ec   Section        0  rtx_msgqueue.o(.text.svcRtxMessageQueueNew)
    svcRtxMessageQueueNew                    0x000015ed   Thumb Code   484  rtx_msgqueue.o(.text.svcRtxMessageQueueNew)
    __arm_cp.14_0                            0x000017b8   Number         4  rtx_msgqueue.o(.text.svcRtxMessageQueueNew)
    __arm_cp.14_1                            0x000017bc   Number         4  rtx_msgqueue.o(.text.svcRtxMessageQueueNew)
    __arm_cp.14_2                            0x000017c0   Number         4  rtx_msgqueue.o(.text.svcRtxMessageQueueNew)
    __arm_cp.14_3                            0x000017c4   Number         4  rtx_msgqueue.o(.text.svcRtxMessageQueueNew)
    __arm_cp.14_4                            0x000017c8   Number         4  rtx_msgqueue.o(.text.svcRtxMessageQueueNew)
    __arm_cp.14_5                            0x000017cc   Number         4  rtx_msgqueue.o(.text.svcRtxMessageQueueNew)
    [Anonymous Symbol]                       0x000017d0   Section        0  rtx_msgqueue.o(.text.svcRtxMessageQueuePut)
    svcRtxMessageQueuePut                    0x000017d1   Thumb Code   188  rtx_msgqueue.o(.text.svcRtxMessageQueuePut)
    __arm_cp.19_0                            0x00001888   Number         4  rtx_msgqueue.o(.text.svcRtxMessageQueuePut)
    [Anonymous Symbol]                       0x0000188c   Section        0  rtx_mutex.o(.text.svcRtxMutexAcquire)
    svcRtxMutexAcquire                       0x0000188d   Thumb Code   152  rtx_mutex.o(.text.svcRtxMutexAcquire)
    __arm_cp.9_0                             0x00001920   Number         4  rtx_mutex.o(.text.svcRtxMutexAcquire)
    [Anonymous Symbol]                       0x00001924   Section        0  rtx_mutex.o(.text.svcRtxMutexNew)
    svcRtxMutexNew                           0x00001925   Thumb Code   112  rtx_mutex.o(.text.svcRtxMutexNew)
    __arm_cp.7_0                             0x00001990   Number         4  rtx_mutex.o(.text.svcRtxMutexNew)
    [Anonymous Symbol]                       0x00001994   Section        0  rtx_mutex.o(.text.svcRtxMutexRelease)
    svcRtxMutexRelease                       0x00001995   Thumb Code   192  rtx_mutex.o(.text.svcRtxMutexRelease)
    __arm_cp.10_0                            0x00001a50   Number         4  rtx_mutex.o(.text.svcRtxMutexRelease)
    [Anonymous Symbol]                       0x00001a54   Section        0  rtx_semaphore.o(.text.svcRtxSemaphoreAcquire)
    svcRtxSemaphoreAcquire                   0x00001a55   Thumb Code    76  rtx_semaphore.o(.text.svcRtxSemaphoreAcquire)
    __arm_cp.11_0                            0x00001a9c   Number         4  rtx_semaphore.o(.text.svcRtxSemaphoreAcquire)
    [Anonymous Symbol]                       0x00001aa0   Section        0  rtx_semaphore.o(.text.svcRtxSemaphoreNew)
    svcRtxSemaphoreNew                       0x00001aa1   Thumb Code   136  rtx_semaphore.o(.text.svcRtxSemaphoreNew)
    __arm_cp.7_0                             0x00001b1c   Number         4  rtx_semaphore.o(.text.svcRtxSemaphoreNew)
    __arm_cp.7_1                             0x00001b20   Number         4  rtx_semaphore.o(.text.svcRtxSemaphoreNew)
    __arm_cp.7_2                             0x00001b24   Number         4  rtx_semaphore.o(.text.svcRtxSemaphoreNew)
    [Anonymous Symbol]                       0x00001b28   Section        0  rtx_semaphore.o(.text.svcRtxSemaphoreRelease)
    svcRtxSemaphoreRelease                   0x00001b29   Thumb Code    56  rtx_semaphore.o(.text.svcRtxSemaphoreRelease)
    [Anonymous Symbol]                       0x00001b60   Section        0  rtx_thread.o(.text.svcRtxThreadExit)
    svcRtxThreadExit                         0x00001b61   Thumb Code   108  rtx_thread.o(.text.svcRtxThreadExit)
    __arm_cp.54_0                            0x00001bc8   Number         4  rtx_thread.o(.text.svcRtxThreadExit)
    [Anonymous Symbol]                       0x00001bcc   Section        0  rtx_thread.o(.text.svcRtxThreadNew)
    svcRtxThreadNew                          0x00001bcd   Thumb Code   492  rtx_thread.o(.text.svcRtxThreadNew)
    __arm_cp.16_0                            0x00001da0   Number         4  rtx_thread.o(.text.svcRtxThreadNew)
    __arm_cp.16_1                            0x00001da4   Number         4  rtx_thread.o(.text.svcRtxThreadNew)
    __arm_cp.16_2                            0x00001da8   Number         4  rtx_thread.o(.text.svcRtxThreadNew)
    __arm_cp.16_3                            0x00001dac   Number         4  rtx_thread.o(.text.svcRtxThreadNew)
    __arm_cp.16_4                            0x00001db0   Number         4  rtx_thread.o(.text.svcRtxThreadNew)
    __arm_cp.16_5                            0x00001db4   Number         4  rtx_thread.o(.text.svcRtxThreadNew)
    i.Core_control                           0x00001db8   Section        0  main.o(i.Core_control)
    i.SystemCoreClockUpdate                  0x00001e70   Section        0  system_mkl25z4.o(i.SystemCoreClockUpdate)
    i.SystemInit                             0x00002000   Section        0  system_mkl25z4.o(i.SystemInit)
    i.TPM1_IRQHandler                        0x0000200c   Section        0  mysonic.o(i.TPM1_IRQHandler)
    i.TurnLeftAndStop                        0x00002140   Section        0  mymotor.o(i.TurnLeftAndStop)
    i.TurnRightAndStop                       0x00002156   Section        0  mymotor.o(i.TurnRightAndStop)
    i.UART2_IRQHandler                       0x0000216c   Section        0  myuart.o(i.UART2_IRQHandler)
    i.__ARM_clz                              0x000021b0   Section        0  depilogue.o(i.__ARM_clz)
    i.__ARM_common_switch8                   0x000021de   Section        0  rtx_config.o(i.__ARM_common_switch8)
    i.__NVIC_ClearPendingIRQ                 0x000021fc   Section        0  mysonic.o(i.__NVIC_ClearPendingIRQ)
    __NVIC_ClearPendingIRQ                   0x000021fd   Thumb Code    18  mysonic.o(i.__NVIC_ClearPendingIRQ)
    i.__NVIC_ClearPendingIRQ                 0x00002214   Section        0  myuart.o(i.__NVIC_ClearPendingIRQ)
    __NVIC_ClearPendingIRQ                   0x00002215   Thumb Code    18  myuart.o(i.__NVIC_ClearPendingIRQ)
    i.__NVIC_SetPriority                     0x0000222c   Section        0  mysonic.o(i.__NVIC_SetPriority)
    __NVIC_SetPriority                       0x0000222d   Thumb Code   110  mysonic.o(i.__NVIC_SetPriority)
    i.__NVIC_SetPriority                     0x000022a4   Section        0  myuart.o(i.__NVIC_SetPriority)
    __NVIC_SetPriority                       0x000022a5   Thumb Code   110  myuart.o(i.__NVIC_SetPriority)
    i.__scatterload_copy                     0x0000231c   Section       14  handlers.o(i.__scatterload_copy)
    i.__scatterload_null                     0x0000232a   Section        2  handlers.o(i.__scatterload_null)
    i.__scatterload_zeroinit                 0x0000232c   Section       14  handlers.o(i.__scatterload_zeroinit)
    i.changeSpeed                            0x0000233c   Section        0  mymotor.o(i.changeSpeed)
    i.changeSpeedTank                        0x00002428   Section        0  mymotor.o(i.changeSpeedTank)
    i.goStrightAndStop                       0x00002520   Section        0  mymotor.o(i.goStrightAndStop)
    i.greenAllOn                             0x00002540   Section        0  myled.o(i.greenAllOn)
    i.greenRunning                           0x00002564   Section        0  myled.o(i.greenRunning)
    i.initClockGate                          0x000025e0   Section        0  setup.o(i.initClockGate)
    i.initLED                                0x00002608   Section        0  myled.o(i.initLED)
    i.initMotorPWM                           0x00002780   Section        0  setup.o(i.initMotorPWM)
    i.initMusic                              0x000028a8   Section        0  music.o(i.initMusic)
    i.initSonic                              0x0000296c   Section        0  mysonic.o(i.initSonic)
    i.initSonicLED                           0x00002a38   Section        0  mysonic.o(i.initSonicLED)
    i.initUART                               0x00002a84   Section        0  myuart.o(i.initUART)
    i.main                                   0x00002b20   Section        0  main.o(i.main)
    i.osRtxErrorNotify                       0x00002c18   Section        0  rtx_config.o(i.osRtxErrorNotify)
    i.osRtxIdleThread                        0x00002c38   Section        0  rtx_config.o(i.osRtxIdleThread)
    i.playMusic                              0x00002c3c   Section        0  music.o(i.playMusic)
    i.presetMotion                           0x00002dd8   Section        0  mymotor.o(i.presetMotion)
    i.redFastFlash                           0x00002e1c   Section        0  myled.o(i.redFastFlash)
    i.redFlash                               0x00002e4c   Section        0  myled.o(i.redFlash)
    i.redOff                                 0x00002e80   Section        0  mysonic.o(i.redOff)
    i.redOn                                  0x00002e94   Section        0  mysonic.o(i.redOn)
    i.stopMotors                             0x00002ea8   Section        0  mymotor.o(i.stopMotors)
    i.tBuffer                                0x00002eec   Section        0  myuart.o(i.tBuffer)
    i.tGreenLed                              0x00002f1c   Section        0  myled.o(i.tGreenLed)
    i.tRedLed                                0x00002f40   Section        0  myled.o(i.tRedLed)
    i.tSelfDrive                             0x00002f64   Section        0  mymotor.o(i.tSelfDrive)
    i.tUltrasonic                            0x00003038   Section        0  mysonic.o(i.tUltrasonic)
    .constdata                               0x000030cc   Section      100  rtx_lib.o(.constdata)
    os_idle_thread_attr                      0x000030cc   Data          36  rtx_lib.o(.constdata)
    os_timer_thread_attr                     0x000030f0   Data          36  rtx_lib.o(.constdata)
    os_timer_mq_attr                         0x00003114   Data          24  rtx_lib.o(.constdata)
    .rodata                                  0x00003130   Section      160  rtx_lib.o(.rodata)
    __tagsym$$used                           0x00003130   Number         0  rtx_lib.o(.rodata)
    __tagsym$$used                           0x00003198   Number         0  rtx_lib.o(.rodata)
    [Anonymous Symbol]                       0x000031d0   Section        0  rtx_kernel.o(.rodata.str1.4)
    .L.str                                   0x000031d0   Data          11  rtx_kernel.o(.rodata.str1.4)
    .bss.os                                  0x1ffff000   Section     4160  rtx_lib.o(.bss.os)
    os_mem                                   0x1ffff000   Data        4096  rtx_lib.o(.bss.os)
    os_isr_queue                             0x20000000   Data          64  rtx_lib.o(.bss.os)
    .bss.os.msgqueue.cb                      0x20000040   Section       52  rtx_lib.o(.bss.os.msgqueue.cb)
    os_timer_mq_cb                           0x20000040   Data          52  rtx_lib.o(.bss.os.msgqueue.cb)
    .bss.os.msgqueue.mem                     0x20000074   Section       80  rtx_lib.o(.bss.os.msgqueue.mem)
    os_timer_mq_data                         0x20000074   Data          80  rtx_lib.o(.bss.os.msgqueue.mem)
    .bss.os.thread.cb                        0x200000c4   Section      136  rtx_lib.o(.bss.os.thread.cb)
    os_idle_thread_cb                        0x200000c4   Data          68  rtx_lib.o(.bss.os.thread.cb)
    os_timer_thread_cb                       0x20000108   Data          68  rtx_lib.o(.bss.os.thread.cb)
    .bss.os.thread.stack                     0x20000150   Section      512  rtx_lib.o(.bss.os.thread.stack)
    os_idle_thread_stack                     0x20000150   Data         256  rtx_lib.o(.bss.os.thread.stack)
    os_timer_thread_stack                    0x20000250   Data         256  rtx_lib.o(.bss.os.thread.stack)
    .data                                    0x20000350   Section       36  main.o(.data)
    .data                                    0x20000374   Section       44  mymotor.o(.data)
    SPEED_CONTROL                            0x20000374   Data          44  mymotor.o(.data)
    .data                                    0x200003a0   Section       40  myled.o(.data)
    GREEN_LED_ARRAY                          0x200003a0   Data          40  myled.o(.data)
    .data                                    0x200003c8   Section      304  music.o(.data)
    .data                                    0x200004f8   Section       28  mysonic.o(.data)
    .data                                    0x20000514   Section        2  myuart.o(.data)
    .data                                    0x20000518   Section        4  system_mkl25z4.o(.data)
    [Anonymous Symbol]                       0x200005c0   Section        0  os_systick.o(.bss.PendST)
    PendST                                   0x200005c0   Data           1  os_systick.o(.bss.PendST)
    STACK                                    0x200005c8   Section      256  startup_mkl25z4.o(STACK)

    Global Symbols

    Symbol Name                              Value     Ov Type        Size  Object(Section)

    BuildAttributes$$THM_ISAv3M$S$PE$A:L22$X:L11$S22$IEEE1$IW$~IW$USESV6$~STKCKD$USESV7$~SHL$OTIME$ROPI$EBA8$MICROLIB$REQ8$PRES8$EABIv2 0x00000000   Number         0  anon$$obj.o ABSOLUTE
    __ARM_use_no_argv                        0x00000000   Number         0  main.o ABSOLUTE
    __Vectors                                0x00000000   Data           4  startup_mkl25z4.o(RESET)
    .bss.os.evflags.cb$$Base                  - Undefined Weak Reference
    .bss.os.evflags.cb$$Limit                 - Undefined Weak Reference
    .bss.os.mempool.cb$$Base                  - Undefined Weak Reference
    .bss.os.mempool.cb$$Limit                 - Undefined Weak Reference
    .bss.os.mutex.cb$$Base                    - Undefined Weak Reference
    .bss.os.mutex.cb$$Limit                   - Undefined Weak Reference
    .bss.os.semaphore.cb$$Base                - Undefined Weak Reference
    .bss.os.semaphore.cb$$Limit               - Undefined Weak Reference
    .bss.os.timer.cb$$Base                    - Undefined Weak Reference
    .bss.os.timer.cb$$Limit                   - Undefined Weak Reference
    __cpp_initialize__aeabi_                  - Undefined Weak Reference
    __cxa_finalize                            - Undefined Weak Reference
    _clock_init                               - Undefined Weak Reference
    _microlib_exit                            - Undefined Weak Reference
    __Vectors_End                            0x000000c0   Data           0  startup_mkl25z4.o(RESET)
    __Vectors_Size                           0x000000c0   Number         0  startup_mkl25z4.o ABSOLUTE
    __main                                   0x000000c1   Thumb Code     0  entry.o(.ARM.Collect$$$$00000000)
    _main_stk                                0x000000c1   Thumb Code     0  entry2.o(.ARM.Collect$$$$00000001)
    _main_scatterload                        0x000000c5   Thumb Code     0  entry5.o(.ARM.Collect$$$$00000004)
    __main_after_scatterload                 0x000000c9   Thumb Code     0  entry5.o(.ARM.Collect$$$$00000004)
    _main_clock                              0x000000c9   Thumb Code     0  entry7b.o(.ARM.Collect$$$$00000008)
    _main_cpp_init                           0x000000c9   Thumb Code     0  entry8b.o(.ARM.Collect$$$$0000000A)
    _main_init                               0x000000c9   Thumb Code     0  entry9a.o(.ARM.Collect$$$$0000000B)
    __rt_final_cpp                           0x000000d1   Thumb Code     0  entry10a.o(.ARM.Collect$$$$0000000D)
    __rt_final_exit                          0x000000d1   Thumb Code     0  entry11a.o(.ARM.Collect$$$$0000000F)
    Reset_Handler                            0x000000d5   Thumb Code    12  startup_mkl25z4.o(.text)
    NMI_Handler                              0x000000e1   Thumb Code     2  startup_mkl25z4.o(.text)
    HardFault_Handler                        0x000000e3   Thumb Code     2  startup_mkl25z4.o(.text)
    ADC0_IRQHandler                          0x000000eb   Thumb Code     0  startup_mkl25z4.o(.text)
    CMP0_IRQHandler                          0x000000eb   Thumb Code     0  startup_mkl25z4.o(.text)
    DAC0_IRQHandler                          0x000000eb   Thumb Code     0  startup_mkl25z4.o(.text)
    DMA0_IRQHandler                          0x000000eb   Thumb Code     0  startup_mkl25z4.o(.text)
    DMA1_IRQHandler                          0x000000eb   Thumb Code     0  startup_mkl25z4.o(.text)
    DMA2_IRQHandler                          0x000000eb   Thumb Code     0  startup_mkl25z4.o(.text)
    DMA3_IRQHandler                          0x000000eb   Thumb Code     0  startup_mkl25z4.o(.text)
    DefaultISR                               0x000000eb   Thumb Code     0  startup_mkl25z4.o(.text)
    FTFA_IRQHandler                          0x000000eb   Thumb Code     0  startup_mkl25z4.o(.text)
    I2C0_IRQHandler                          0x000000eb   Thumb Code     0  startup_mkl25z4.o(.text)
    I2C1_IRQHandler                          0x000000eb   Thumb Code     0  startup_mkl25z4.o(.text)
    LLWU_IRQHandler                          0x000000eb   Thumb Code     0  startup_mkl25z4.o(.text)
    LPTMR0_IRQHandler                        0x000000eb   Thumb Code     0  startup_mkl25z4.o(.text)
    LVD_LVW_IRQHandler                       0x000000eb   Thumb Code     0  startup_mkl25z4.o(.text)
    MCG_IRQHandler                           0x000000eb   Thumb Code     0  startup_mkl25z4.o(.text)
    PIT_IRQHandler                           0x000000eb   Thumb Code     0  startup_mkl25z4.o(.text)
    PORTA_IRQHandler                         0x000000eb   Thumb Code     0  startup_mkl25z4.o(.text)
    PORTD_IRQHandler                         0x000000eb   Thumb Code     0  startup_mkl25z4.o(.text)
    RTC_IRQHandler                           0x000000eb   Thumb Code     0  startup_mkl25z4.o(.text)
    RTC_Seconds_IRQHandler                   0x000000eb   Thumb Code     0  startup_mkl25z4.o(.text)
    Reserved20_IRQHandler                    0x000000eb   Thumb Code     0  startup_mkl25z4.o(.text)
    Reserved39_IRQHandler                    0x000000eb   Thumb Code     0  startup_mkl25z4.o(.text)
    Reserved45_IRQHandler                    0x000000eb   Thumb Code     0  startup_mkl25z4.o(.text)
    SPI0_IRQHandler                          0x000000eb   Thumb Code     0  startup_mkl25z4.o(.text)
    SPI1_IRQHandler                          0x000000eb   Thumb Code     0  startup_mkl25z4.o(.text)
    TPM0_IRQHandler                          0x000000eb   Thumb Code     0  startup_mkl25z4.o(.text)
    TPM2_IRQHandler                          0x000000eb   Thumb Code     0  startup_mkl25z4.o(.text)
    TSI0_IRQHandler                          0x000000eb   Thumb Code     0  startup_mkl25z4.o(.text)
    UART0_IRQHandler                         0x000000eb   Thumb Code     0  startup_mkl25z4.o(.text)
    UART1_IRQHandler                         0x000000eb   Thumb Code     0  startup_mkl25z4.o(.text)
    USB0_IRQHandler                          0x000000eb   Thumb Code     0  startup_mkl25z4.o(.text)
    SVC_Handler                              0x000000fd   Thumb Code   132  irq_cm0.o(.text)
    PendSV_Handler                           0x00000181   Thumb Code    12  irq_cm0.o(.text)
    SysTick_Handler                          0x0000018d   Thumb Code    12  irq_cm0.o(.text)
    __aeabi_uidiv                            0x000001a1   Thumb Code     0  uidiv.o(.text)
    __aeabi_uidivmod                         0x000001a1   Thumb Code    44  uidiv.o(.text)
    __aeabi_idiv                             0x000001cd   Thumb Code     0  idiv.o(.text)
    __aeabi_idivmod                          0x000001cd   Thumb Code    40  idiv.o(.text)
    __aeabi_memcpy                           0x000001f5   Thumb Code    36  memcpya.o(.text)
    __aeabi_memcpy4                          0x000001f5   Thumb Code     0  memcpya.o(.text)
    __aeabi_memcpy8                          0x000001f5   Thumb Code     0  memcpya.o(.text)
    __aeabi_memset                           0x00000219   Thumb Code    14  memseta.o(.text)
    __aeabi_memset4                          0x00000219   Thumb Code     0  memseta.o(.text)
    __aeabi_memset8                          0x00000219   Thumb Code     0  memseta.o(.text)
    __aeabi_memclr                           0x00000227   Thumb Code     4  memseta.o(.text)
    __aeabi_memclr4                          0x00000227   Thumb Code     0  memseta.o(.text)
    __aeabi_memclr8                          0x00000227   Thumb Code     0  memseta.o(.text)
    _memset$wrapper                          0x0000022b   Thumb Code    18  memseta.o(.text)
    __aeabi_dmul                             0x0000023d   Thumb Code   202  dmul.o(.text)
    __aeabi_i2f                              0x0000030d   Thumb Code    22  fflti.o(.text)
    __aeabi_i2d                              0x00000325   Thumb Code    34  dflti.o(.text)
    __aeabi_d2iz                             0x0000034d   Thumb Code    62  dfixi.o(.text)
    __aeabi_f2d                              0x00000395   Thumb Code    40  f2d.o(.text)
    __aeabi_llsr                             0x000003bd   Thumb Code    34  llushr.o(.text)
    _ll_ushift_r                             0x000003bd   Thumb Code     0  llushr.o(.text)
    __I$use$fp                               0x000003df   Thumb Code     0  iusefp.o(.text)
    __aeabi_llsl                             0x000003df   Thumb Code    32  llshl.o(.text)
    _ll_shift_l                              0x000003df   Thumb Code     0  llshl.o(.text)
    osRtxKernelPreInit                       0x000003ff   Thumb Code     2  rtx_kernel.o(.text.osRtxKernelPreInit)
    _float_round                             0x00000411   Thumb Code    16  fepilogue.o(.text)
    _float_epilogue                          0x00000421   Thumb Code   114  fepilogue.o(.text)
    _double_round                            0x00000493   Thumb Code    26  depilogue.o(.text)
    _double_epilogue                         0x000004ad   Thumb Code   164  depilogue.o(.text)
    __scatterload                            0x00000551   Thumb Code    28  init.o(.text)
    __scatterload_rt2                        0x00000551   Thumb Code     0  init.o(.text)
    __decompress                             0x00000575   Thumb Code     0  __dczerorl2.o(.text)
    __decompress1                            0x00000575   Thumb Code    86  __dczerorl2.o(.text)
    OS_Tick_AcknowledgeIRQ                   0x00000699   Thumb Code    12  os_systick.o(.text.OS_Tick_AcknowledgeIRQ)
    OS_Tick_Enable                           0x000006a5   Thumb Code    44  os_systick.o(.text.OS_Tick_Enable)
    OS_Tick_GetIRQn                          0x000006d1   Thumb Code     6  os_systick.o(.text.OS_Tick_GetIRQn)
    OS_Tick_Setup                            0x000006d9   Thumb Code    76  os_systick.o(.text.OS_Tick_Setup)
    osDelay                                  0x00000809   Thumb Code    40  rtx_delay.o(.text.osDelay)
    osKernelInitialize                       0x00000831   Thumb Code    40  rtx_kernel.o(.text.osKernelInitialize)
    osKernelStart                            0x00000859   Thumb Code    36  rtx_kernel.o(.text.osKernelStart)
    osMessageQueueGet                        0x0000087d   Thumb Code   116  rtx_msgqueue.o(.text.osMessageQueueGet)
    osMessageQueueNew                        0x000008f1   Thumb Code    36  rtx_msgqueue.o(.text.osMessageQueueNew)
    osMessageQueuePut                        0x00000915   Thumb Code   120  rtx_msgqueue.o(.text.osMessageQueuePut)
    osMutexAcquire                           0x0000098d   Thumb Code    40  rtx_mutex.o(.text.osMutexAcquire)
    osMutexNew                               0x000009b5   Thumb Code    36  rtx_mutex.o(.text.osMutexNew)
    osMutexRelease                           0x000009d9   Thumb Code    40  rtx_mutex.o(.text.osMutexRelease)
    osRtxMemoryAlloc                         0x00000a01   Thumb Code   124  rtx_memory.o(.text.osRtxMemoryAlloc)
    osRtxMemoryFree                          0x00000a7d   Thumb Code    78  rtx_memory.o(.text.osRtxMemoryFree)
    osRtxMemoryInit                          0x00000acb   Thumb Code    50  rtx_memory.o(.text.osRtxMemoryInit)
    osRtxMemoryPoolAlloc                     0x00000afd   Thumb Code    46  rtx_mempool.o(.text.osRtxMemoryPoolAlloc)
    osRtxMemoryPoolFree                      0x00000b2b   Thumb Code    58  rtx_mempool.o(.text.osRtxMemoryPoolFree)
    osRtxMemoryPoolInit                      0x00000b65   Thumb Code    62  rtx_mempool.o(.text.osRtxMemoryPoolInit)
    osRtxMutexOwnerRelease                   0x00000c5f   Thumb Code    68  rtx_mutex.o(.text.osRtxMutexOwnerRelease)
    osRtxPendSV_Handler                      0x00000ca5   Thumb Code   128  rtx_system.o(.text.osRtxPendSV_Handler)
    osRtxPostProcess                         0x00000d25   Thumb Code   108  rtx_system.o(.text.osRtxPostProcess)
    osRtxThreadDelayTick                     0x00000eb1   Thumb Code    56  rtx_thread.o(.text.osRtxThreadDelayTick)
    osRtxThreadDispatch                      0x00000ee9   Thumb Code    80  rtx_thread.o(.text.osRtxThreadDispatch)
    osRtxThreadListGet                       0x00000f8d   Thumb Code    20  rtx_thread.o(.text.osRtxThreadListGet)
    osRtxThreadListPut                       0x00000fa1   Thumb Code    44  rtx_thread.o(.text.osRtxThreadListPut)
    osRtxThreadListRemove                    0x00000fcd   Thumb Code    24  rtx_thread.o(.text.osRtxThreadListRemove)
    osRtxThreadListSort                      0x00000fe5   Thumb Code    38  rtx_thread.o(.text.osRtxThreadListSort)
    osRtxThreadReadyPut                      0x00001031   Thumb Code    24  rtx_thread.o(.text.osRtxThreadReadyPut)
    osRtxThreadRegPtr                        0x00001049   Thumb Code     6  rtx_thread.o(.text.osRtxThreadRegPtr)
    osRtxThreadStackCheck                    0x00001051   Thumb Code    44  rtx_thread.o(.text.osRtxThreadStackCheck)
    osRtxThreadStartup                       0x0000107d   Thumb Code    64  rtx_thread.o(.text.osRtxThreadStartup)
    osRtxThreadSwitch                        0x000010bd   Thumb Code    20  rtx_thread.o(.text.osRtxThreadSwitch)
    osRtxThreadWaitEnter                     0x000010d1   Thumb Code    60  rtx_thread.o(.text.osRtxThreadWaitEnter)
    osRtxThreadWaitExit                      0x0000110d   Thumb Code    34  rtx_thread.o(.text.osRtxThreadWaitExit)
    osRtxTick_Handler                        0x00001131   Thumb Code   116  rtx_system.o(.text.osRtxTick_Handler)
    osRtxTimerThread                         0x000011a5   Thumb Code    60  rtx_timer.o(.text.osRtxTimerThread)
    osSemaphoreAcquire                       0x00001241   Thumb Code    68  rtx_semaphore.o(.text.osSemaphoreAcquire)
    osSemaphoreNew                           0x00001285   Thumb Code    36  rtx_semaphore.o(.text.osSemaphoreNew)
    osSemaphoreRelease                       0x000012a9   Thumb Code    76  rtx_semaphore.o(.text.osSemaphoreRelease)
    osThreadExit                             0x000012f5   Thumb Code    12  rtx_thread.o(.text.osThreadExit)
    osThreadNew                              0x00001301   Thumb Code    36  rtx_thread.o(.text.osThreadNew)
    Core_control                             0x00001db9   Thumb Code   166  main.o(i.Core_control)
    SystemCoreClockUpdate                    0x00001e71   Thumb Code   372  system_mkl25z4.o(i.SystemCoreClockUpdate)
    SystemInit                               0x00002001   Thumb Code     8  system_mkl25z4.o(i.SystemInit)
    TPM1_IRQHandler                          0x0000200d   Thumb Code   266  mysonic.o(i.TPM1_IRQHandler)
    TurnLeftAndStop                          0x00002141   Thumb Code    22  mymotor.o(i.TurnLeftAndStop)
    TurnRightAndStop                         0x00002157   Thumb Code    22  mymotor.o(i.TurnRightAndStop)
    UART2_IRQHandler                         0x0000216d   Thumb Code    50  myuart.o(i.UART2_IRQHandler)
    __ARM_clz                                0x000021b1   Thumb Code    46  depilogue.o(i.__ARM_clz)
    __ARM_common_switch8                     0x000021df   Thumb Code    28  rtx_config.o(i.__ARM_common_switch8)
    __scatterload_copy                       0x0000231d   Thumb Code    14  handlers.o(i.__scatterload_copy)
    __scatterload_null                       0x0000232b   Thumb Code     2  handlers.o(i.__scatterload_null)
    __scatterload_zeroinit                   0x0000232d   Thumb Code    14  handlers.o(i.__scatterload_zeroinit)
    changeSpeed                              0x0000233d   Thumb Code   212  mymotor.o(i.changeSpeed)
    changeSpeedTank                          0x00002429   Thumb Code   226  mymotor.o(i.changeSpeedTank)
    goStrightAndStop                         0x00002521   Thumb Code    30  mymotor.o(i.goStrightAndStop)
    greenAllOn                               0x00002541   Thumb Code    32  myled.o(i.greenAllOn)
    greenRunning                             0x00002565   Thumb Code   112  myled.o(i.greenRunning)
    initClockGate                            0x000025e1   Thumb Code    36  setup.o(i.initClockGate)
    initLED                                  0x00002609   Thumb Code   356  myled.o(i.initLED)
    initMotorPWM                             0x00002781   Thumb Code   274  setup.o(i.initMotorPWM)
    initMusic                                0x000028a9   Thumb Code   174  music.o(i.initMusic)
    initSonic                                0x0000296d   Thumb Code   178  mysonic.o(i.initSonic)
    initSonicLED                             0x00002a39   Thumb Code    62  mysonic.o(i.initSonicLED)
    initUART                                 0x00002a85   Thumb Code   142  myuart.o(i.initUART)
    main                                     0x00002b21   Thumb Code   194  main.o(i.main)
    osRtxErrorNotify                         0x00002c19   Thumb Code    32  rtx_config.o(i.osRtxErrorNotify)
    osRtxIdleThread                          0x00002c39   Thumb Code     4  rtx_config.o(i.osRtxIdleThread)
    playMusic                                0x00002c3d   Thumb Code   378  music.o(i.playMusic)
    presetMotion                             0x00002dd9   Thumb Code    66  mymotor.o(i.presetMotion)
    redFastFlash                             0x00002e1d   Thumb Code    44  myled.o(i.redFastFlash)
    redFlash                                 0x00002e4d   Thumb Code    48  myled.o(i.redFlash)
    redOff                                   0x00002e81   Thumb Code    16  mysonic.o(i.redOff)
    redOn                                    0x00002e95   Thumb Code    16  mysonic.o(i.redOn)
    stopMotors                               0x00002ea9   Thumb Code    56  mymotor.o(i.stopMotors)
    tBuffer                                  0x00002eed   Thumb Code    34  myuart.o(i.tBuffer)
    tGreenLed                                0x00002f1d   Thumb Code    32  myled.o(i.tGreenLed)
    tRedLed                                  0x00002f41   Thumb Code    32  myled.o(i.tRedLed)
    tSelfDrive                               0x00002f65   Thumb Code   190  mymotor.o(i.tSelfDrive)
    tUltrasonic                              0x00003039   Thumb Code   136  mysonic.o(i.tUltrasonic)
    osRtxUserSVC                             0x0000312c   Data           4  rtx_lib.o(.constdata)
    osRtxConfig                              0x00003130   Data         104  rtx_lib.o(.rodata)
    os_cb_sections                           0x00003198   Data          56  rtx_lib.o(.rodata)
    Region$$Table$$Base                      0x000031dc   Number         0  anon$$obj.o(Region$$Table)
    Region$$Table$$Limit                     0x000031fc   Number         0  anon$$obj.o(Region$$Table)
    .bss.os.msgqueue.cb$$Base                0x20000040   Number         0  rtx_lib.o(.bss.os.msgqueue.cb)
    .bss.os.msgqueue.cb$$Limit               0x20000074   Number         0  rtx_lib.o(.bss.os.msgqueue.cb)
    .bss.os.thread.cb$$Base                  0x200000c4   Number         0  rtx_lib.o(.bss.os.thread.cb)
    .bss.os.thread.cb$$Limit                 0x2000014c   Number         0  rtx_lib.o(.bss.os.thread.cb)
    MotorBusy                                0x20000350   Data           4  main.o(.data)
    canStartAI                               0x20000354   Data           4  main.o(.data)
    canStartSonic                            0x20000358   Data           4  main.o(.data)
    canSonicStop                             0x2000035c   Data           4  main.o(.data)
    curr_state                               0x20000360   Data           1  main.o(.data)
    start_challenge                          0x20000364   Data           4  main.o(.data)
    end_challenge                            0x20000368   Data           4  main.o(.data)
    motorQ                                   0x2000036c   Data           4  main.o(.data)
    rxBuffer                                 0x20000370   Data           4  main.o(.data)
    nokiaMelody                              0x200003c8   Data         104  music.o(.data)
    happyBdayMelody                          0x20000430   Data         200  music.o(.data)
    echoRise                                 0x200004f8   Data           4  mysonic.o(.data)
    distCount                                0x200004fc   Data           4  mysonic.o(.data)
    distSum                                  0x20000500   Data           4  mysonic.o(.data)
    distNow                                  0x20000504   Data           4  mysonic.o(.data)
    touch                                    0x20000508   Data           4  mysonic.o(.data)
    overflow                                 0x2000050c   Data           4  mysonic.o(.data)
    nextMeasure                              0x20000510   Data           4  mysonic.o(.data)
    rx_data                                  0x20000514   Data           1  myuart.o(.data)
    uart_data                                0x20000515   Data           1  myuart.o(.data)
    SystemCoreClock                          0x20000518   Data           4  system_mkl25z4.o(.data)
    osRtxInfo                                0x2000051c   Data         164  rtx_kernel.o(.data.os)
    __initial_sp                             0x200006c8   Data           0  startup_mkl25z4.o(STACK)



==============================================================================

Memory Map of the image

  Image Entry point : 0x000000d5

  Load Region LR_1 (Base: 0x00000000, Size: 0x000047bc, Max: 0xffffffff, ABSOLUTE, COMPRESSED[0x000032c0])

    Execution Region ER_RO (Exec base: 0x00000000, Load base: 0x00000000, Size: 0x000031fc, Max: 0xffffffff, ABSOLUTE)

    Exec Addr    Load Addr    Size         Type   Attr      Idx    E Section Name        Object

    0x00000000   0x00000000   0x000000c0   Data   RO          454    RESET               startup_mkl25z4.o
    0x000000c0   0x000000c0   0x00000000   Code   RO          997  * .ARM.Collect$$$$00000000  mc_p.l(entry.o)
    0x000000c0   0x000000c0   0x00000004   Code   RO         1020    .ARM.Collect$$$$00000001  mc_p.l(entry2.o)
    0x000000c4   0x000000c4   0x00000004   Code   RO         1023    .ARM.Collect$$$$00000004  mc_p.l(entry5.o)
    0x000000c8   0x000000c8   0x00000000   Code   RO         1025    .ARM.Collect$$$$00000008  mc_p.l(entry7b.o)
    0x000000c8   0x000000c8   0x00000000   Code   RO         1027    .ARM.Collect$$$$0000000A  mc_p.l(entry8b.o)
    0x000000c8   0x000000c8   0x00000008   Code   RO         1028    .ARM.Collect$$$$0000000B  mc_p.l(entry9a.o)
    0x000000d0   0x000000d0   0x00000000   Code   RO         1030    .ARM.Collect$$$$0000000D  mc_p.l(entry10a.o)
    0x000000d0   0x000000d0   0x00000000   Code   RO         1032    .ARM.Collect$$$$0000000F  mc_p.l(entry11a.o)
    0x000000d0   0x000000d0   0x00000004   Code   RO         1021    .ARM.Collect$$$$00002712  mc_p.l(entry2.o)
    0x000000d4   0x000000d4   0x00000028   Code   RO          456  * .text               startup_mkl25z4.o
    0x000000fc   0x000000fc   0x000000a4   Code   RO          841    .text               RTX_CM0.lib(irq_cm0.o)
    0x000001a0   0x000001a0   0x0000002c   Code   RO         1000    .text               mc_p.l(uidiv.o)
    0x000001cc   0x000001cc   0x00000028   Code   RO         1002    .text               mc_p.l(idiv.o)
    0x000001f4   0x000001f4   0x00000024   Code   RO         1004    .text               mc_p.l(memcpya.o)
    0x00000218   0x00000218   0x00000024   Code   RO         1006    .text               mc_p.l(memseta.o)
    0x0000023c   0x0000023c   0x000000d0   Code   RO         1010    .text               mf_p.l(dmul.o)
    0x0000030c   0x0000030c   0x00000016   Code   RO         1012    .text               mf_p.l(fflti.o)
    0x00000322   0x00000322   0x00000002   PAD
    0x00000324   0x00000324   0x00000028   Code   RO         1014    .text               mf_p.l(dflti.o)
    0x0000034c   0x0000034c   0x00000048   Code   RO         1016    .text               mf_p.l(dfixi.o)
    0x00000394   0x00000394   0x00000028   Code   RO         1018    .text               mf_p.l(f2d.o)
    0x000003bc   0x000003bc   0x00000022   Code   RO         1034    .text               mc_p.l(llushr.o)
    0x000003de   0x000003de   0x00000000   Code   RO         1036    .text               mc_p.l(iusefp.o)
    0x000003de   0x000003de   0x00000020   Code   RO         1045    .text               mc_p.l(llshl.o)
    0x000003fe   0x000003fe   0x00000002   Code   RO          495    .text.osRtxKernelPreInit  RTX_CM0.lib(rtx_kernel.o)
    0x00000400   0x00000400   0x00000010   Code   RO          455    .ARM.__at_0x400     startup_mkl25z4.o
    0x00000410   0x00000410   0x00000082   Code   RO         1037    .text               mf_p.l(fepilogue.o)
    0x00000492   0x00000492   0x000000be   Code   RO         1039    .text               mf_p.l(depilogue.o)
    0x00000550   0x00000550   0x00000024   Code   RO         1043    .text               mc_p.l(init.o)
    0x00000574   0x00000574   0x00000056   Code   RO         1055    .text               mc_p.l(__dczerorl2.o)
    0x000005ca   0x000005ca   0x0000004c   Code   RO          824    .text.MessageQueueGet  RTX_CM0.lib(rtx_msgqueue.o)
    0x00000616   0x00000616   0x00000062   Code   RO          818    .text.MessageQueuePut  RTX_CM0.lib(rtx_msgqueue.o)
    0x00000678   0x00000678   0x0000001e   Code   RO          816    .text.MessageQueueRemove  RTX_CM0.lib(rtx_msgqueue.o)
    0x00000696   0x00000696   0x00000002   PAD
    0x00000698   0x00000698   0x0000000c   Code   RO          976    .text.OS_Tick_AcknowledgeIRQ  RTX_CM0.lib(os_systick.o)
    0x000006a4   0x000006a4   0x0000002c   Code   RO          972    .text.OS_Tick_Enable  RTX_CM0.lib(os_systick.o)
    0x000006d0   0x000006d0   0x00000006   Code   RO          978    .text.OS_Tick_GetIRQn  RTX_CM0.lib(os_systick.o)
    0x000006d6   0x000006d6   0x00000002   PAD
    0x000006d8   0x000006d8   0x0000004c   Code   RO          970    .text.OS_Tick_Setup  RTX_CM0.lib(os_systick.o)
    0x00000724   0x00000724   0x00000024   Code   RO          763    .text.SemaphoreTokenDecrement  RTX_CM0.lib(rtx_semaphore.o)
    0x00000748   0x00000748   0x00000026   Code   RO          769    .text.SemaphoreTokenIncrement  RTX_CM0.lib(rtx_semaphore.o)
    0x0000076e   0x0000076e   0x0000004e   Code   RO          640    .text.ThreadFlagsCheck  RTX_CM0.lib(rtx_thread.o)
    0x000007bc   0x000007bc   0x0000004c   Code   RO          862    .text.TimerInsert   RTX_CM0.lib(rtx_timer.o)
    0x00000808   0x00000808   0x00000028   Code   RO          693    .text.osDelay       RTX_CM0.lib(rtx_delay.o)
    0x00000830   0x00000830   0x00000028   Code   RO          497    .text.osKernelInitialize  RTX_CM0.lib(rtx_kernel.o)
    0x00000858   0x00000858   0x00000024   Code   RO          507    .text.osKernelStart  RTX_CM0.lib(rtx_kernel.o)
    0x0000087c   0x0000087c   0x00000074   Code   RO          790    .text.osMessageQueueGet  RTX_CM0.lib(rtx_msgqueue.o)
    0x000008f0   0x000008f0   0x00000024   Code   RO          784    .text.osMessageQueueNew  RTX_CM0.lib(rtx_msgqueue.o)
    0x00000914   0x00000914   0x00000078   Code   RO          788    .text.osMessageQueuePut  RTX_CM0.lib(rtx_msgqueue.o)
    0x0000098c   0x0000098c   0x00000028   Code   RO          716    .text.osMutexAcquire  RTX_CM0.lib(rtx_mutex.o)
    0x000009b4   0x000009b4   0x00000024   Code   RO          712    .text.osMutexNew    RTX_CM0.lib(rtx_mutex.o)
    0x000009d8   0x000009d8   0x00000028   Code   RO          718    .text.osMutexRelease  RTX_CM0.lib(rtx_mutex.o)
    0x00000a00   0x00000a00   0x0000007c   Code   RO          889    .text.osRtxMemoryAlloc  RTX_CM0.lib(rtx_memory.o)
    0x00000a7c   0x00000a7c   0x0000004e   Code   RO          891    .text.osRtxMemoryFree  RTX_CM0.lib(rtx_memory.o)
    0x00000aca   0x00000aca   0x00000032   Code   RO          887    .text.osRtxMemoryInit  RTX_CM0.lib(rtx_memory.o)
    0x00000afc   0x00000afc   0x0000002e   Code   RO          904    .text.osRtxMemoryPoolAlloc  RTX_CM0.lib(rtx_mempool.o)
    0x00000b2a   0x00000b2a   0x0000003a   Code   RO          906    .text.osRtxMemoryPoolFree  RTX_CM0.lib(rtx_mempool.o)
    0x00000b64   0x00000b64   0x0000003e   Code   RO          902    .text.osRtxMemoryPoolInit  RTX_CM0.lib(rtx_mempool.o)
    0x00000ba2   0x00000ba2   0x000000bc   Code   RO          814    .text.osRtxMessageQueuePostProcess  RTX_CM0.lib(rtx_msgqueue.o)
    0x00000c5e   0x00000c5e   0x00000044   Code   RO          710    .text.osRtxMutexOwnerRelease  RTX_CM0.lib(rtx_mutex.o)
    0x00000ca2   0x00000ca2   0x00000002   PAD
    0x00000ca4   0x00000ca4   0x00000080   Code   RO          957    .text.osRtxPendSV_Handler  RTX_CM0.lib(rtx_system.o)
    0x00000d24   0x00000d24   0x0000006c   Code   RO          959    .text.osRtxPostProcess  RTX_CM0.lib(rtx_system.o)
    0x00000d90   0x00000d90   0x00000024   Code   RO          761    .text.osRtxSemaphorePostProcess  RTX_CM0.lib(rtx_semaphore.o)
    0x00000db4   0x00000db4   0x00000038   Code   RO          580    .text.osRtxThreadBlock  RTX_CM0.lib(rtx_thread.o)
    0x00000dec   0x00000dec   0x00000080   Code   RO          588    .text.osRtxThreadDelayInsert  RTX_CM0.lib(rtx_thread.o)
    0x00000e6c   0x00000e6c   0x00000044   Code   RO          584    .text.osRtxThreadDelayRemove  RTX_CM0.lib(rtx_thread.o)
    0x00000eb0   0x00000eb0   0x00000038   Code   RO          570    .text.osRtxThreadDelayTick  RTX_CM0.lib(rtx_thread.o)
    0x00000ee8   0x00000ee8   0x00000050   Code   RO          578    .text.osRtxThreadDispatch  RTX_CM0.lib(rtx_thread.o)
    0x00000f38   0x00000f38   0x00000054   Code   RO          664    .text.osRtxThreadFree  RTX_CM0.lib(rtx_thread.o)
    0x00000f8c   0x00000f8c   0x00000014   Code   RO          562    .text.osRtxThreadListGet  RTX_CM0.lib(rtx_thread.o)
    0x00000fa0   0x00000fa0   0x0000002c   Code   RO          560    .text.osRtxThreadListPut  RTX_CM0.lib(rtx_thread.o)
    0x00000fcc   0x00000fcc   0x00000018   Code   RO          566    .text.osRtxThreadListRemove  RTX_CM0.lib(rtx_thread.o)
    0x00000fe4   0x00000fe4   0x00000026   Code   RO          564    .text.osRtxThreadListSort  RTX_CM0.lib(rtx_thread.o)
    0x0000100a   0x0000100a   0x00000026   Code   RO          638    .text.osRtxThreadPostProcess  RTX_CM0.lib(rtx_thread.o)
    0x00001030   0x00001030   0x00000018   Code   RO          568    .text.osRtxThreadReadyPut  RTX_CM0.lib(rtx_thread.o)
    0x00001048   0x00001048   0x00000006   Code   RO          572    .text.osRtxThreadRegPtr  RTX_CM0.lib(rtx_thread.o)
    0x0000104e   0x0000104e   0x00000002   PAD
    0x00001050   0x00001050   0x0000002c   Code   RO          576    .text.osRtxThreadStackCheck  RTX_CM0.lib(rtx_thread.o)
    0x0000107c   0x0000107c   0x00000040   Code   RO          590    .text.osRtxThreadStartup  RTX_CM0.lib(rtx_thread.o)
    0x000010bc   0x000010bc   0x00000014   Code   RO          574    .text.osRtxThreadSwitch  RTX_CM0.lib(rtx_thread.o)
    0x000010d0   0x000010d0   0x0000003c   Code   RO          586    .text.osRtxThreadWaitEnter  RTX_CM0.lib(rtx_thread.o)
    0x0000110c   0x0000110c   0x00000022   Code   RO          582    .text.osRtxThreadWaitExit  RTX_CM0.lib(rtx_thread.o)
    0x0000112e   0x0000112e   0x00000002   PAD
    0x00001130   0x00001130   0x00000074   Code   RO          955    .text.osRtxTick_Handler  RTX_CM0.lib(rtx_system.o)
    0x000011a4   0x000011a4   0x0000003c   Code   RO          846    .text.osRtxTimerThread  RTX_CM0.lib(rtx_timer.o)
    0x000011e0   0x000011e0   0x00000060   Code   RO          848    .text.osRtxTimerTick  RTX_CM0.lib(rtx_timer.o)
    0x00001240   0x00001240   0x00000044   Code   RO          749    .text.osSemaphoreAcquire  RTX_CM0.lib(rtx_semaphore.o)
    0x00001284   0x00001284   0x00000024   Code   RO          745    .text.osSemaphoreNew  RTX_CM0.lib(rtx_semaphore.o)
    0x000012a8   0x000012a8   0x0000004c   Code   RO          751    .text.osSemaphoreRelease  RTX_CM0.lib(rtx_semaphore.o)
    0x000012f4   0x000012f4   0x0000000c   Code   RO          622    .text.osThreadExit  RTX_CM0.lib(rtx_thread.o)
    0x00001300   0x00001300   0x00000024   Code   RO          594    .text.osThreadNew   RTX_CM0.lib(rtx_thread.o)
    0x00001324   0x00001324   0x00000012   Code   RO          697    .text.svcRtxDelay   RTX_CM0.lib(rtx_delay.o)
    0x00001336   0x00001336   0x00000002   PAD
    0x00001338   0x00001338   0x00000148   Code   RO          535    .text.svcRtxKernelInitialize  RTX_CM0.lib(rtx_kernel.o)
    0x00001480   0x00001480   0x00000084   Code   RO          537    .text.svcRtxKernelStart  RTX_CM0.lib(rtx_kernel.o)
    0x00001504   0x00001504   0x000000e8   Code   RO          826    .text.svcRtxMessageQueueGet  RTX_CM0.lib(rtx_msgqueue.o)
    0x000015ec   0x000015ec   0x000001e4   Code   RO          812    .text.svcRtxMessageQueueNew  RTX_CM0.lib(rtx_msgqueue.o)
    0x000017d0   0x000017d0   0x000000bc   Code   RO          822    .text.svcRtxMessageQueuePut  RTX_CM0.lib(rtx_msgqueue.o)
    0x0000188c   0x0000188c   0x00000098   Code   RO          728    .text.svcRtxMutexAcquire  RTX_CM0.lib(rtx_mutex.o)
    0x00001924   0x00001924   0x00000070   Code   RO          724    .text.svcRtxMutexNew  RTX_CM0.lib(rtx_mutex.o)
    0x00001994   0x00001994   0x000000c0   Code   RO          730    .text.svcRtxMutexRelease  RTX_CM0.lib(rtx_mutex.o)
    0x00001a54   0x00001a54   0x0000004c   Code   RO          767    .text.svcRtxSemaphoreAcquire  RTX_CM0.lib(rtx_semaphore.o)
    0x00001aa0   0x00001aa0   0x00000088   Code   RO          759    .text.svcRtxSemaphoreNew  RTX_CM0.lib(rtx_semaphore.o)
    0x00001b28   0x00001b28   0x00000038   Code   RO          771    .text.svcRtxSemaphoreRelease  RTX_CM0.lib(rtx_semaphore.o)
    0x00001b60   0x00001b60   0x0000006c   Code   RO          668    .text.svcRtxThreadExit  RTX_CM0.lib(rtx_thread.o)
    0x00001bcc   0x00001bcc   0x000001ec   Code   RO          592    .text.svcRtxThreadNew  RTX_CM0.lib(rtx_thread.o)
    0x00001db8   0x00001db8   0x000000b8   Code   RO            3    i.Core_control      main.o
    0x00001e70   0x00001e70   0x00000190   Code   RO          464    i.SystemCoreClockUpdate  system_mkl25z4.o
    0x00002000   0x00002000   0x0000000c   Code   RO          465    i.SystemInit        system_mkl25z4.o
    0x0000200c   0x0000200c   0x00000134   Code   RO          271    i.TPM1_IRQHandler   mysonic.o
    0x00002140   0x00002140   0x00000016   Code   RO           85    i.TurnLeftAndStop   mymotor.o
    0x00002156   0x00002156   0x00000016   Code   RO           86    i.TurnRightAndStop  mymotor.o
    0x0000216c   0x0000216c   0x00000044   Code   RO          338    i.UART2_IRQHandler  myuart.o
    0x000021b0   0x000021b0   0x0000002e   Code   RO         1041    i.__ARM_clz         mf_p.l(depilogue.o)
    0x000021de   0x000021de   0x0000001c   Code   RO          443    i.__ARM_common_switch8  rtx_config.o
    0x000021fa   0x000021fa   0x00000002   PAD
    0x000021fc   0x000021fc   0x00000018   Code   RO          272    i.__NVIC_ClearPendingIRQ  mysonic.o
    0x00002214   0x00002214   0x00000018   Code   RO          339    i.__NVIC_ClearPendingIRQ  myuart.o
    0x0000222c   0x0000222c   0x00000078   Code   RO          273    i.__NVIC_SetPriority  mysonic.o
    0x000022a4   0x000022a4   0x00000078   Code   RO          340    i.__NVIC_SetPriority  myuart.o
    0x0000231c   0x0000231c   0x0000000e   Code   RO         1049    i.__scatterload_copy  mc_p.l(handlers.o)
    0x0000232a   0x0000232a   0x00000002   Code   RO         1050    i.__scatterload_null  mc_p.l(handlers.o)
    0x0000232c   0x0000232c   0x0000000e   Code   RO         1051    i.__scatterload_zeroinit  mc_p.l(handlers.o)
    0x0000233a   0x0000233a   0x00000002   PAD
    0x0000233c   0x0000233c   0x000000ec   Code   RO           87    i.changeSpeed       mymotor.o
    0x00002428   0x00002428   0x000000f8   Code   RO           88    i.changeSpeedTank   mymotor.o
    0x00002520   0x00002520   0x0000001e   Code   RO           89    i.goStrightAndStop  mymotor.o
    0x0000253e   0x0000253e   0x00000002   PAD
    0x00002540   0x00002540   0x00000024   Code   RO          150    i.greenAllOn        myled.o
    0x00002564   0x00002564   0x0000007c   Code   RO          151    i.greenRunning      myled.o
    0x000025e0   0x000025e0   0x00000028   Code   RO          209    i.initClockGate     setup.o
    0x00002608   0x00002608   0x00000178   Code   RO          152    i.initLED           myled.o
    0x00002780   0x00002780   0x00000128   Code   RO          210    i.initMotorPWM      setup.o
    0x000028a8   0x000028a8   0x000000c4   Code   RO          235    i.initMusic         music.o
    0x0000296c   0x0000296c   0x000000cc   Code   RO          274    i.initSonic         mysonic.o
    0x00002a38   0x00002a38   0x0000004c   Code   RO          275    i.initSonicLED      mysonic.o
    0x00002a84   0x00002a84   0x0000009c   Code   RO          341    i.initUART          myuart.o
    0x00002b20   0x00002b20   0x000000f8   Code   RO            4    i.main              main.o
    0x00002c18   0x00002c18   0x00000020   Code   RO          422    i.osRtxErrorNotify  rtx_config.o
    0x00002c38   0x00002c38   0x00000004   Code   RO          423    i.osRtxIdleThread   rtx_config.o
    0x00002c3c   0x00002c3c   0x0000019c   Code   RO          237    i.playMusic         music.o
    0x00002dd8   0x00002dd8   0x00000042   Code   RO           90    i.presetMotion      mymotor.o
    0x00002e1a   0x00002e1a   0x00000002   PAD
    0x00002e1c   0x00002e1c   0x00000030   Code   RO          153    i.redFastFlash      myled.o
    0x00002e4c   0x00002e4c   0x00000034   Code   RO          154    i.redFlash          myled.o
    0x00002e80   0x00002e80   0x00000014   Code   RO          276    i.redOff            mysonic.o
    0x00002e94   0x00002e94   0x00000014   Code   RO          277    i.redOn             mysonic.o
    0x00002ea8   0x00002ea8   0x00000044   Code   RO           91    i.stopMotors        mymotor.o
    0x00002eec   0x00002eec   0x00000030   Code   RO          342    i.tBuffer           myuart.o
    0x00002f1c   0x00002f1c   0x00000024   Code   RO          155    i.tGreenLed         myled.o
    0x00002f40   0x00002f40   0x00000024   Code   RO          156    i.tRedLed           myled.o
    0x00002f64   0x00002f64   0x000000d4   Code   RO           92    i.tSelfDrive        mymotor.o
    0x00003038   0x00003038   0x00000094   Code   RO          278    i.tUltrasonic       mysonic.o
    0x000030cc   0x000030cc   0x00000064   Data   RO          392    .constdata          rtx_lib.o
    0x00003130   0x00003130   0x000000a0   Data   RO          394    .rodata             rtx_lib.o
    0x000031d0   0x000031d0   0x0000000b   Data   RO          549    .rodata.str1.4      RTX_CM0.lib(rtx_kernel.o)
    0x000031db   0x000031db   0x00000001   PAD
    0x000031dc   0x000031dc   0x00000020   Data   RO         1047    Region$$Table       anon$$obj.o


    Execution Region ER_RW (Exec base: 0x1ffff000, Load base: 0x000031fc, Size: 0x000015c0, Max: 0xffffffff, ABSOLUTE, COMPRESSED[0x000000c4])

    Exec Addr    Load Addr    Size         Type   Attr      Idx    E Section Name        Object

    0x1ffff000   COMPRESSED   0x00001040   Data   RW          387    .bss.os             rtx_lib.o
    0x20000040   COMPRESSED   0x00000034   Data   RW          388    .bss.os.msgqueue.cb  rtx_lib.o
    0x20000074   COMPRESSED   0x00000050   Data   RW          389    .bss.os.msgqueue.mem  rtx_lib.o
    0x200000c4   COMPRESSED   0x00000088   Data   RW          390    .bss.os.thread.cb   rtx_lib.o
    0x2000014c   COMPRESSED   0x00000004   PAD
    0x20000150   COMPRESSED   0x00000200   Data   RW          391    .bss.os.thread.stack  rtx_lib.o
    0x20000350   COMPRESSED   0x00000024   Data   RW            5    .data               main.o
    0x20000374   COMPRESSED   0x0000002c   Data   RW           93    .data               mymotor.o
    0x200003a0   COMPRESSED   0x00000028   Data   RW          157    .data               myled.o
    0x200003c8   COMPRESSED   0x00000130   Data   RW          238    .data               music.o
    0x200004f8   COMPRESSED   0x0000001c   Data   RW          279    .data               mysonic.o
    0x20000514   COMPRESSED   0x00000002   Data   RW          343    .data               myuart.o
    0x20000516   COMPRESSED   0x00000002   PAD
    0x20000518   COMPRESSED   0x00000004   Data   RW          466    .data               system_mkl25z4.o
    0x2000051c   COMPRESSED   0x000000a4   Data   RW          550    .data.os            RTX_CM0.lib(rtx_kernel.o)


    Execution Region ER_ZI (Exec base: 0x200005c0, Load base: 0x000032c0, Size: 0x00000108, Max: 0xffffffff, ABSOLUTE)

    Exec Addr    Load Addr    Size         Type   Attr      Idx    E Section Name        Object

    0x200005c0        -       0x00000001   Zero   RW          988    .bss.PendST         RTX_CM0.lib(os_systick.o)
    0x200005c1   0x000032c0   0x00000007   PAD
    0x200005c8        -       0x00000100   Zero   RW          452    STACK               startup_mkl25z4.o


==============================================================================

Image component sizes


      Code (inc. data)   RO Data    RW Data    ZI Data      Debug   Object Name

       432         72          0         36          0     222621   main.o
       608         56          0        304          0       2606   music.o
       708         52          0         40          0       3539   myled.o
       904         80          0         44          0       4924   mymotor.o
       920        118          0         28          0      12929   mysonic.o
       416         62          0          2          0      10648   myuart.o
        64          8          0          0          0       1033   rtx_config.o
         0          0        260       4940          0       9178   rtx_lib.o
       336         26          0          0          0        831   setup.o
        56         30        192          0        256        856   startup_mkl25z4.o
       412         42          0          4          0       1495   system_mkl25z4.o

    ----------------------------------------------------------------------
      4862        546        484       5404        256     270660   Object Totals
         0          0         32          0          0          0   (incl. Generated)
         6          0          0          6          0          0   (incl. Padding)

    ----------------------------------------------------------------------

      Code (inc. data)   RO Data    RW Data    ZI Data      Debug   Library Member Name

       164          8          0          0          0        496   irq_cm0.o
       138         32          0          0          1       2766   os_systick.o
        58          4          0          0          0       2753   rtx_delay.o
       538         36         11        164          0      16105   rtx_kernel.o
       252          0          0          0          0       2564   rtx_memory.o
       166          0          0          0          0      14282   rtx_mempool.o
      1568         44          0          0          0      17889   rtx_msgqueue.o
       640         24          0          0          0       9201   rtx_mutex.o
       558         28          0          0          0      10054   rtx_semaphore.o
       352         26          0          0          0       4635   rtx_system.o
      1614         96          0          0          0      30867   rtx_thread.o
       232         20          0          0          0      10018   rtx_timer.o
        86          0          0          0          0          0   __dczerorl2.o
         0          0          0          0          0          0   entry.o
         0          0          0          0          0          0   entry10a.o
         0          0          0          0          0          0   entry11a.o
         8          4          0          0          0          0   entry2.o
         4          0          0          0          0          0   entry5.o
         0          0          0          0          0          0   entry7b.o
         0          0          0          0          0          0   entry8b.o
         8          4          0          0          0          0   entry9a.o
        30          0          0          0          0          0   handlers.o
        40          0          0          0          0         72   idiv.o
        36          8          0          0          0         68   init.o
         0          0          0          0          0          0   iusefp.o
        32          0          0          0          0         68   llshl.o
        34          0          0          0          0         68   llushr.o
        36          0          0          0          0         60   memcpya.o
        36          0          0          0          0        100   memseta.o
        44          0          0          0          0         72   uidiv.o
       236          0          0          0          0        216   depilogue.o
        72         10          0          0          0         72   dfixi.o
        40          6          0          0          0         68   dflti.o
       208          6          0          0          0         88   dmul.o
        40          0          0          0          0         60   f2d.o
       130          0          0          0          0        144   fepilogue.o
        22          0          0          0          0         68   fflti.o

    ----------------------------------------------------------------------
      7438        356         12        164          8     122854   Library Totals
        16          0          1          0          7          0   (incl. Padding)

    ----------------------------------------------------------------------

      Code (inc. data)   RO Data    RW Data    ZI Data      Debug   Library Name

      6280        318         11        164          1     121630   RTX_CM0.lib
       394         16          0          0          0        508   mc_p.l
       748         22          0          0          0        716   mf_p.l

    ----------------------------------------------------------------------
      7438        356         12        164          8     122854   Library Totals

    ----------------------------------------------------------------------

==============================================================================


      Code (inc. data)   RO Data    RW Data    ZI Data      Debug   

     12300        902        496       5568        264     391282   Grand Totals
     12300        902        496        196        264     391282   ELF Image Totals (compressed)
     12300        902        496        196          0          0   ROM Totals

==============================================================================

    Total RO  Size (Code + RO Data)                12796 (  12.50kB)
    Total RW  Size (RW Data + ZI Data)              5832 (   5.70kB)
    Total ROM Size (Code + RO Data + RW Data)      12992 (  12.69kB)

==============================================================================

